Component: ARM Compiler 6.16 Tool: armlink [5dfeaa00]

==============================================================================

Section Cross References

    main.o(.text.TIMER1A_Handler) refers to main.o(.bss.xBinarySemaphoreReadTemperature) for xBinarySemaphoreReadTemperature
    main.o(.text.TIMER1A_Handler) refers to queue.o(.text.xQueueGiveFromISR) for xQueueGiveFromISR
    main.o(.text.TIMER1A_Handler) refers to main.o(.bss.Interrupt_Execution_Count) for Interrupt_Execution_Count
    main.o(.ARM.exidx.text.TIMER1A_Handler) refers to main.o(.text.TIMER1A_Handler) for [Anonymous Symbol]
    main.o(.text.vGetTemperature) refers to main.o(.bss.xBinarySemaphoreReadTemperature) for xBinarySemaphoreReadTemperature
    main.o(.text.vGetTemperature) refers to queue.o(.text.xQueueSemaphoreTake) for xQueueSemaphoreTake
    main.o(.text.vGetTemperature) refers to dflt_clz.o(x$fpl$dfltu) for __aeabi_ui2d
    main.o(.text.vGetTemperature) refers to dmul.o(x$fpl$dmul) for __aeabi_dmul
    main.o(.text.vGetTemperature) refers to ddiv.o(x$fpl$ddiv) for __aeabi_ddiv
    main.o(.text.vGetTemperature) refers to daddsub_clz.o(x$fpl$dadd) for __aeabi_dadd
    main.o(.text.vGetTemperature) refers to d2f.o(x$fpl$d2f) for __aeabi_d2f
    main.o(.text.vGetTemperature) refers to main.o(.bss.temperature) for temperature
    main.o(.text.vGetTemperature) refers to main.o(.bss.ADC_Task_Execution_Count) for ADC_Task_Execution_Count
    main.o(.text.vGetTemperature) refers to main.o(.bss.xBinarySemaphoreDisplayTemperature) for xBinarySemaphoreDisplayTemperature
    main.o(.text.vGetTemperature) refers to queue.o(.text.xQueueGenericSend) for xQueueGenericSend
    main.o(.ARM.exidx.text.vGetTemperature) refers to main.o(.text.vGetTemperature) for [Anonymous Symbol]
    main.o(.text.vDisplayTemperature) refers to main.o(.bss.xBinarySemaphoreDisplayTemperature) for xBinarySemaphoreDisplayTemperature
    main.o(.text.vDisplayTemperature) refers to queue.o(.text.xQueueSemaphoreTake) for xQueueSemaphoreTake
    main.o(.text.vDisplayTemperature) refers to main.o(.bss.temperature) for temperature
    main.o(.text.vDisplayTemperature) refers to tostringconverter.o(.text.ftoa) for ftoa
    main.o(.text.vDisplayTemperature) refers to lcd.o(.text.LCD_clearScreen) for LCD_clearScreen
    main.o(.text.vDisplayTemperature) refers to lcd.o(.text.LCD_displayString) for LCD_displayString
    main.o(.text.vDisplayTemperature) refers to main.o(.bss.LCD_Task_Execution_Count) for LCD_Task_Execution_Count
    main.o(.ARM.exidx.text.vDisplayTemperature) refers to main.o(.text.vDisplayTemperature) for [Anonymous Symbol]
    main.o(.text.main) refers to queue.o(.text.xQueueGenericCreate) for xQueueGenericCreate
    main.o(.text.main) refers to main.o(.bss.xBinarySemaphoreReadTemperature) for xBinarySemaphoreReadTemperature
    main.o(.text.main) refers to queue.o(.text.xQueueGenericSend) for xQueueGenericSend
    main.o(.text.main) refers to main.o(.bss.xBinarySemaphoreDisplayTemperature) for xBinarySemaphoreDisplayTemperature
    main.o(.text.main) refers to adc.o(.text.ADC_INIT) for ADC_INIT
    main.o(.text.main) refers to lcd.o(.text.LCD_init) for LCD_init
    main.o(.text.main) refers to gp_timer1.o(.text.GP_Timer1_INIT) for GP_Timer1_INIT
    main.o(.text.main) refers to main.o(.text.vGetTemperature) for vGetTemperature
    main.o(.text.main) refers to main.o(.rodata.str1.1) for .L.str
    main.o(.text.main) refers to tasks.o(.text.xTaskCreate) for xTaskCreate
    main.o(.text.main) refers to main.o(.text.vDisplayTemperature) for vDisplayTemperature
    main.o(.text.main) refers to gp_timer1.o(.text.GP_Timer1_Start) for GP_Timer1_Start
    main.o(.text.main) refers to tasks.o(.text.vTaskStartScheduler) for vTaskStartScheduler
    main.o(.ARM.exidx.text.main) refers to main.o(.text.main) for [Anonymous Symbol]
    main.o(.ARM.exidx.text.vApplicationMallocFailedHook) refers to main.o(.text.vApplicationMallocFailedHook) for [Anonymous Symbol]
    main.o(.ARM.exidx.text.vApplicationStackOverflowHook) refers to main.o(.text.vApplicationStackOverflowHook) for [Anonymous Symbol]
    main.o(.ARM.exidx.text.vApplicationIdleHook) refers to main.o(.text.vApplicationIdleHook) for [Anonymous Symbol]
    main.o(.ARM.exidx.text.vApplicationTickHook) refers to main.o(.text.vApplicationTickHook) for [Anonymous Symbol]
    adc.o(.text.ADC_INIT) refers to delay_functions_gptimer0.o(.text.delay_ms) for delay_ms
    adc.o(.ARM.exidx.text.ADC_INIT) refers to adc.o(.text.ADC_INIT) for [Anonymous Symbol]
    delay_functions_gptimer0.o(.ARM.exidx.text.GPTimer0_Config) refers to delay_functions_gptimer0.o(.text.GPTimer0_Config) for [Anonymous Symbol]
    delay_functions_gptimer0.o(.text.delay_us) refers to delay_functions_gptimer0.o(.text.GPTimer0_Config) for GPTimer0_Config
    delay_functions_gptimer0.o(.text.delay_us) refers to delay_functions_gptimer0.o(.data.MC_CLOCK) for MC_CLOCK
[...]
    system_TM4C123.c                         0x00000000   Number         0  system_tm4c123.o ABSOLUTE
    tasks.c                                  0x00000000   Number         0  tasks.o ABSOLUTE
    toStringConverter.c                      0x00000000   Number         0  tostringconverter.o ABSOLUTE
    RESET                                    0x00000000   Section      620  startup_tm4c123.o(RESET)
    !!!main                                  0x0000026c   Section        8  __main.o(!!!main)
    !!!scatter                               0x00000274   Section       52  __scatter.o(!!!scatter)
    !!handler_copy                           0x000002a8   Section       26  __scatter_copy.o(!!handler_copy)
    !!handler_zi                             0x000002c4   Section       28  __scatter_zi.o(!!handler_zi)
    .ARM.Collect$$libinit$$00000000          0x000002e0   Section        2  libinit.o(.ARM.Collect$$libinit$$00000000)
    .ARM.Collect$$libinit$$00000002          0x000002e2   Section        0  libinit2.o(.ARM.Collect$$libinit$$00000002)
    .ARM.Collect$$libinit$$00000004          0x000002e2   Section        0  libinit2.o(.ARM.Collect$$libinit$$00000004)
    .ARM.Collect$$libinit$$0000000A          0x000002e2   Section        0  libinit2.o(.ARM.Collect$$libinit$$0000000A)
    .ARM.Collect$$libinit$$0000000C          0x000002e2   Section        0  libinit2.o(.ARM.Collect$$libinit$$0000000C)
    .ARM.Collect$$libinit$$0000000E          0x000002e2   Section        0  libinit2.o(.ARM.Collect$$libinit$$0000000E)
    .ARM.Collect$$libinit$$00000011          0x000002e2   Section        0  libinit2.o(.ARM.Collect$$libinit$$00000011)
    .ARM.Collect$$libinit$$00000013          0x000002e2   Section        0  libinit2.o(.ARM.Collect$$libinit$$00000013)
    .ARM.Collect$$libinit$$00000015          0x000002e2   Section        0  libinit2.o(.ARM.Collect$$libinit$$00000015)
    .ARM.Collect$$libinit$$00000017          0x000002e2   Section        0  libinit2.o(.ARM.Collect$$libinit$$00000017)
    .ARM.Collect$$libinit$$00000019          0x000002e2   Section        0  libinit2.o(.ARM.Collect$$libinit$$00000019)
    .ARM.Collect$$libinit$$0000001B          0x000002e2   Section        0  libinit2.o(.ARM.Collect$$libinit$$0000001B)
    .ARM.Collect$$libinit$$0000001D          0x000002e2   Section        0  libinit2.o(.ARM.Collect$$libinit$$0000001D)
    .ARM.Collect$$libinit$$0000001F          0x000002e2   Section        0  libinit2.o(.ARM.Collect$$libinit$$0000001F)
    .ARM.Collect$$libinit$$00000021          0x000002e2   Section        0  libinit2.o(.ARM.Collect$$libinit$$00000021)
    .ARM.Collect$$libinit$$00000023          0x000002e2   Section        0  libinit2.o(.ARM.Collect$$libinit$$00000023)
    .ARM.Collect$$libinit$$00000025          0x000002e2   Section        0  libinit2.o(.ARM.Collect$$libinit$$00000025)
    .ARM.Collect$$libinit$$0000002C          0x000002e2   Section        0  libinit2.o(.ARM.Collect$$libinit$$0000002C)
    .ARM.Collect$$libinit$$0000002E          0x000002e2   Section        0  libinit2.o(.ARM.Collect$$libinit$$0000002E)
    .ARM.Collect$$libinit$$00000030          0x000002e2   Section        0  libinit2.o(.ARM.Collect$$libinit$$00000030)
    .ARM.Collect$$libinit$$00000032          0x000002e2   Section        0  libinit2.o(.ARM.Collect$$libinit$$00000032)
    .ARM.Collect$$libinit$$00000033          0x000002e2   Section        2  libinit2.o(.ARM.Collect$$libinit$$00000033)
    .ARM.Collect$$libshutdown$$00000000      0x000002e4   Section        2  libshutdown.o(.ARM.Collect$$libshutdown$$00000000)
    .ARM.Collect$$libshutdown$$00000002      0x000002e6   Section        0  libshutdown2.o(.ARM.Collect$$libshutdown$$00000002)
    .ARM.Collect$$libshutdown$$00000004      0x000002e6   Section        0  libshutdown2.o(.ARM.Collect$$libshutdown$$00000004)
    .ARM.Collect$$libshutdown$$00000007      0x000002e6   Section        0  libshutdown2.o(.ARM.Collect$$libshutdown$$00000007)
    .ARM.Collect$$libshutdown$$0000000A      0x000002e6   Section        0  libshutdown2.o(.ARM.Collect$$libshutdown$$0000000A)
    .ARM.Collect$$libshutdown$$0000000C      0x000002e6   Section        0  libshutdown2.o(.ARM.Collect$$libshutdown$$0000000C)
    .ARM.Collect$$libshutdown$$0000000F      0x000002e6   Section        0  libshutdown2.o(.ARM.Collect$$libshutdown$$0000000F)
    .ARM.Collect$$libshutdown$$00000010      0x000002e6   Section        2  libshutdown2.o(.ARM.Collect$$libshutdown$$00000010)
    .ARM.Collect$$rtentry$$00000000          0x000002e8   Section        0  __rtentry.o(.ARM.Collect$$rtentry$$00000000)
    .ARM.Collect$$rtentry$$00000002          0x000002e8   Section        0  __rtentry2.o(.ARM.Collect$$rtentry$$00000002)
    .ARM.Collect$$rtentry$$00000004          0x000002e8   Section        6  __rtentry4.o(.ARM.Collect$$rtentry$$00000004)
    .ARM.Collect$$rtentry$$00000009          0x000002ee   Section        0  __rtentry2.o(.ARM.Collect$$rtentry$$00000009)
    .ARM.Collect$$rtentry$$0000000A          0x000002ee   Section        4  __rtentry2.o(.ARM.Collect$$rtentry$$0000000A)
    .ARM.Collect$$rtentry$$0000000C          0x000002f2   Section        0  __rtentry2.o(.ARM.Collect$$rtentry$$0000000C)
    .ARM.Collect$$rtentry$$0000000D          0x000002f2   Section        8  __rtentry2.o(.ARM.Collect$$rtentry$$0000000D)
    .ARM.Collect$$rtexit$$00000000           0x000002fa   Section        2  rtexit.o(.ARM.Collect$$rtexit$$00000000)
    .ARM.Collect$$rtexit$$00000002           0x000002fc   Section        0  rtexit2.o(.ARM.Collect$$rtexit$$00000002)
    .ARM.Collect$$rtexit$$00000003           0x000002fc   Section        4  rtexit2.o(.ARM.Collect$$rtexit$$00000003)
    .ARM.Collect$$rtexit$$00000004           0x00000300   Section        6  rtexit2.o(.ARM.Collect$$rtexit$$00000004)
    .text                                    0x00000308   Section      276  startup_tm4c123.o(.text)
    .text                                    0x0000041c   Section      138  rt_memcpy_v6.o(.text)
    .text                                    0x000004a6   Section       16  aeabi_memset4.o(.text)
    .text                                    0x000004b6   Section        0  heapauxi.o(.text)
    .text                                    0x000004bc   Section      100  rt_memcpy_w.o(.text)
    .text                                    0x00000520   Section       78  rt_memclr_w.o(.text)
    .text                                    0x0000056e   Section       74  sys_stackheap_outer.o(.text)
    .text                                    0x000005b8   Section        0  exit.o(.text)
    .text                                    0x000005cc   Section        8  libspace.o(.text)
    .text                                    0x000005d4   Section        0  sys_exit.o(.text)
    .text                                    0x000005e0   Section        2  use_no_semi.o(.text)
    .text                                    0x000005e2   Section        0  indicate_semi.o(.text)
    [Anonymous Symbol]                       0x000005e4   Section        0  adc.o(.text.ADC_INIT)
    [Anonymous Symbol]                       0x00000664   Section        0  delay_functions_gptimer0.o(.text.GPTimer0_Config)
    [Anonymous Symbol]                       0x000006bc   Section        0  gp_timer1.o(.text.GP_Timer1_INIT)
    [Anonymous Symbol]                       0x00000758   Section        0  gp_timer1.o(.text.GP_Timer1_Start)
    [Anonymous Symbol]                       0x0000077c   Section        0  lcd.o(.text.LCD_clearScreen)
    [Anonymous Symbol]                       0x00000788   Section        0  lcd.o(.text.LCD_displayCharacter)
    [Anonymous Symbol]                       0x000007f0   Section        0  lcd.o(.text.LCD_displayString)
    [Anonymous Symbol]                       0x00000828   Section        0  lcd.o(.text.LCD_init)
    [Anonymous Symbol]                       0x00000988   Section        0  lcd.o(.text.LCD_sendCommand)
    [Anonymous Symbol]                       0x00000a10   Section        0  port.o(.text.PendSV_Handler)
    pxCurrentTCBConst                        0x00000a50   Number         0  port.o(.text.PendSV_Handler)
    [Anonymous Symbol]                       0x00000a60   Section        0  port.o(.text.SVC_Handler)
    pxCurrentTCBConst2                       0x00000a80   Number         0  port.o(.text.SVC_Handler)
    [Anonymous Symbol]                       0x00000a84   Section        0  port.o(.text.SysTick_Handler)
    [Anonymous Symbol]                       0x00000ac0   Section        0  system_tm4c123.o(.text.SystemInit)
    [Anonymous Symbol]                       0x00000bbc   Section        0  main.o(.text.TIMER1A_Handler)
    [Anonymous Symbol]                       0x00000c1c   Section        0  delay_functions_gptimer0.o(.text.delay_ms)
    [Anonymous Symbol]                       0x00000c84   Section        0  delay_functions_gptimer0.o(.text.delay_us)
    [Anonymous Symbol]                       0x00000cec   Section        0  tasks.o(.text.eTaskConfirmSleepModeStatus)
    [Anonymous Symbol]                       0x00000d6c   Section        0  tostringconverter.o(.text.ftoa)
    [Anonymous Symbol]                       0x00000e0c   Section        0  tostringconverter.o(.text.intToStr)
    [Anonymous Symbol]                       0x00000e90   Section        0  main.o(.text.main)
    prvAddCurrentTaskToDelayedList           0x00000f59   Thumb Code   252  tasks.o(.text.prvAddCurrentTaskToDelayedList)
    [Anonymous Symbol]                       0x00000f58   Section        0  tasks.o(.text.prvAddCurrentTaskToDelayedList)
    prvAddNewTaskToReadyList                 0x00001055   Thumb Code   278  tasks.o(.text.prvAddNewTaskToReadyList)
    [Anonymous Symbol]                       0x00001054   Section        0  tasks.o(.text.prvAddNewTaskToReadyList)
    prvCheckTasksWaitingTermination          0x0000116d   Thumb Code    90  tasks.o(.text.prvCheckTasksWaitingTermination)
    [Anonymous Symbol]                       0x0000116c   Section        0  tasks.o(.text.prvCheckTasksWaitingTermination)
    prvCopyDataToQueue                       0x000011c9   Thumb Code   204  queue.o(.text.prvCopyDataToQueue)
    [Anonymous Symbol]                       0x000011c8   Section        0  queue.o(.text.prvCopyDataToQueue)
    prvDeleteTCB                             0x00001295   Thumb Code    24  tasks.o(.text.prvDeleteTCB)
    [Anonymous Symbol]                       0x00001294   Section        0  tasks.o(.text.prvDeleteTCB)
    prvGetDisinheritPriorityAfterTimeout     0x000012ad   Thumb Code    38  queue.o(.text.prvGetDisinheritPriorityAfterTimeout)
    [Anonymous Symbol]                       0x000012ac   Section        0  queue.o(.text.prvGetDisinheritPriorityAfterTimeout)
    prvGetExpectedIdleTime                   0x000012d5   Thumb Code   124  tasks.o(.text.prvGetExpectedIdleTime)
    [Anonymous Symbol]                       0x000012d4   Section        0  tasks.o(.text.prvGetExpectedIdleTime)
    prvHeapInit                              0x00001351   Thumb Code   188  heap_4.o(.text.prvHeapInit)
    [Anonymous Symbol]                       0x00001350   Section        0  heap_4.o(.text.prvHeapInit)
    prvIdleTask                              0x0000140d   Thumb Code   158  tasks.o(.text.prvIdleTask)
    [Anonymous Symbol]                       0x0000140c   Section        0  tasks.o(.text.prvIdleTask)
    prvInitialiseNewQueue                    0x000014ad   Thumb Code    78  queue.o(.text.prvInitialiseNewQueue)
    [Anonymous Symbol]                       0x000014ac   Section        0  queue.o(.text.prvInitialiseNewQueue)
    prvInitialiseNewTask                     0x000014fd   Thumb Code   296  tasks.o(.text.prvInitialiseNewTask)
    [Anonymous Symbol]                       0x000014fc   Section        0  tasks.o(.text.prvInitialiseNewTask)
    prvInitialiseTaskLists                   0x00001625   Thumb Code   142  tasks.o(.text.prvInitialiseTaskLists)
    [Anonymous Symbol]                       0x00001624   Section        0  tasks.o(.text.prvInitialiseTaskLists)
    prvInsertBlockIntoFreeList               0x000016b5   Thumb Code   198  heap_4.o(.text.prvInsertBlockIntoFreeList)
    [Anonymous Symbol]                       0x000016b4   Section        0  heap_4.o(.text.prvInsertBlockIntoFreeList)
    prvIsQueueEmpty                          0x0000177d   Thumb Code    40  queue.o(.text.prvIsQueueEmpty)
    [Anonymous Symbol]                       0x0000177c   Section        0  queue.o(.text.prvIsQueueEmpty)
    prvIsQueueFull                           0x000017a5   Thumb Code    46  queue.o(.text.prvIsQueueFull)
    [Anonymous Symbol]                       0x000017a4   Section        0  queue.o(.text.prvIsQueueFull)
    prvNotifyQueueSetContainer               0x000017d5   Thumb Code   216  queue.o(.text.prvNotifyQueueSetContainer)
    [Anonymous Symbol]                       0x000017d4   Section        0  queue.o(.text.prvNotifyQueueSetContainer)
    prvPortStartFirstTask                    0x000018ad   Thumb Code    32  port.o(.text.prvPortStartFirstTask)
    [Anonymous Symbol]                       0x000018ac   Section        0  port.o(.text.prvPortStartFirstTask)
    prvResetNextTaskUnblockTime              0x000018cd   Thumb Code    60  tasks.o(.text.prvResetNextTaskUnblockTime)
    [Anonymous Symbol]                       0x000018cc   Section        0  tasks.o(.text.prvResetNextTaskUnblockTime)
    prvTaskExitError                         0x00001909   Thumb Code    76  port.o(.text.prvTaskExitError)
    [Anonymous Symbol]                       0x00001908   Section        0  port.o(.text.prvTaskExitError)
    prvUnlockQueue                           0x00001955   Thumb Code   204  queue.o(.text.prvUnlockQueue)
    [Anonymous Symbol]                       0x00001954   Section        0  queue.o(.text.prvUnlockQueue)
    [Anonymous Symbol]                       0x00001a20   Section        0  heap_4.o(.text.pvPortMalloc)
    [Anonymous Symbol]                       0x00001c34   Section        0  tasks.o(.text.pvTaskIncrementMutexHeldCount)
    [Anonymous Symbol]                       0x00001c60   Section        0  port.o(.text.pxPortInitialiseStack)
    [Anonymous Symbol]                       0x00001cb0   Section        0  tostringconverter.o(.text.reverse)
    [Anonymous Symbol]                       0x00001cf8   Section        0  list.o(.text.uxListRemove)
    [Anonymous Symbol]                       0x00001d40   Section        0  main.o(.text.vApplicationIdleHook)
    [Anonymous Symbol]                       0x00001d44   Section        0  main.o(.text.vDisplayTemperature)
    [Anonymous Symbol]                       0x00001dac   Section        0  main.o(.text.vGetTemperature)
    [Anonymous Symbol]                       0x00001e78   Section        0  list.o(.text.vListInitialise)
    [Anonymous Symbol]                       0x00001ea8   Section        0  list.o(.text.vListInitialiseItem)
    [Anonymous Symbol]                       0x00001eb8   Section        0  list.o(.text.vListInsert)
    [Anonymous Symbol]                       0x00001f24   Section        0  list.o(.text.vListInsertEnd)
    [Anonymous Symbol]                       0x00001f60   Section        0  port.o(.text.vPortEnterCritical)
    [Anonymous Symbol]                       0x00001fb8   Section        0  port.o(.text.vPortExitCritical)
    [Anonymous Symbol]                       0x00002004   Section        0  heap_4.o(.text.vPortFree)
    [Anonymous Symbol]                       0x000020d4   Section        0  port.o(.text.vPortSetupTimerInterrupt)
    [Anonymous Symbol]                       0x0000214c   Section        0  port.o(.text.vPortSuppressTicksAndSleep)
    [Anonymous Symbol]                       0x00002358   Section        0  port.o(.text.vPortValidateInterruptPriority)
    [Anonymous Symbol]                       0x000023dc   Section        0  tasks.o(.text.vTaskInternalSetTimeOutState)
    [Anonymous Symbol]                       0x00002400   Section        0  tasks.o(.text.vTaskMissedYield)
    [Anonymous Symbol]                       0x00002410   Section        0  tasks.o(.text.vTaskPlaceOnEventList)
    [Anonymous Symbol]                       0x00002454   Section        0  tasks.o(.text.vTaskPriorityDisinheritAfterTimeout)
    [Anonymous Symbol]                       0x00002594   Section        0  tasks.o(.text.vTaskStartScheduler)
    [Anonymous Symbol]                       0x00002640   Section        0  tasks.o(.text.vTaskStepTick)
    [Anonymous Symbol]                       0x0000268c   Section        0  tasks.o(.text.vTaskSuspendAll)
    __tagsym$$used.0                         0x0000269c   Number         0  tasks.o(.text.vTaskSwitchContext)
    [Anonymous Symbol]                       0x0000269c   Section        0  tasks.o(.text.vTaskSwitchContext)
    [Anonymous Symbol]                       0x0000275c   Section        0  port.o(.text.xPortStartScheduler)
    [Anonymous Symbol]                       0x00002844   Section        0  queue.o(.text.xQueueGenericCreate)
    [Anonymous Symbol]                       0x00002910   Section        0  queue.o(.text.xQueueGenericReset)
    [Anonymous Symbol]                       0x000029cc   Section        0  queue.o(.text.xQueueGenericSend)
    [Anonymous Symbol]                       0x00002c40   Section        0  queue.o(.text.xQueueGiveFromISR)
    [Anonymous Symbol]                       0x00002db0   Section        0  queue.o(.text.xQueueSemaphoreTake)
    [Anonymous Symbol]                       0x00002fdc   Section        0  tasks.o(.text.xTaskCheckForTimeOut)
    [Anonymous Symbol]                       0x000030d8   Section        0  tasks.o(.text.xTaskCreate)
    [Anonymous Symbol]                       0x00003170   Section        0  tasks.o(.text.xTaskGetSchedulerState)
    [Anonymous Symbol]                       0x000031a8   Section        0  tasks.o(.text.xTaskIncrementTick)
    [Anonymous Symbol]                       0x00003360   Section        0  tasks.o(.text.xTaskPriorityDisinherit)
    [Anonymous Symbol]                       0x0000345c   Section        0  tasks.o(.text.xTaskPriorityInherit)
    [Anonymous Symbol]                       0x00003578   Section        0  tasks.o(.text.xTaskRemoveFromEventList)
    [Anonymous Symbol]                       0x00003640   Section        0  tasks.o(.text.xTaskResumeAll)
    x$fpl$d2f                                0x000037b8   Section       98  d2f.o(x$fpl$d2f)
    x$fpl$dadd                               0x0000381c   Section      336  daddsub_clz.o(x$fpl$dadd)
    _dadd1                                   0x0000382d   Thumb Code     0  daddsub_clz.o(x$fpl$dadd)
    x$fpl$ddiv                               0x0000396c   Section      692  ddiv.o(x$fpl$ddiv)
    ddiv_entry                               0x00003973   Thumb Code     0  ddiv.o(x$fpl$ddiv)
    x$fpl$dfltu                              0x00003c20   Section       38  dflt_clz.o(x$fpl$dfltu)
    x$fpl$dmul                               0x00003c48   Section      340  dmul.o(x$fpl$dmul)
    x$fpl$dnaninf                            0x00003d9c   Section      156  dnaninf.o(x$fpl$dnaninf)
    x$fpl$dretinf                            0x00003e38   Section       12  dretinf.o(x$fpl$dretinf)
    x$fpl$dsub                               0x00003e44   Section      476  daddsub_clz.o(x$fpl$dsub)
    _dsub1                                   0x00003e55   Thumb Code     0  daddsub_clz.o(x$fpl$dsub)
    x$fpl$fadd                               0x00004020   Section      196  faddsub_clz.o(x$fpl$fadd)
    _fadd1                                   0x0000402f   Thumb Code     0  faddsub_clz.o(x$fpl$fadd)
    x$fpl$ffix                               0x000040e4   Section       54  ffix.o(x$fpl$ffix)
    x$fpl$fflt                               0x0000411c   Section       48  fflt_clz.o(x$fpl$fflt)
    x$fpl$fmul                               0x0000414c   Section      258  fmul.o(x$fpl$fmul)
    x$fpl$fnaninf                            0x0000424e   Section      140  fnaninf.o(x$fpl$fnaninf)
    x$fpl$fretinf                            0x000042da   Section       10  fretinf.o(x$fpl$fretinf)
    x$fpl$fsub                               0x000042e4   Section      234  faddsub_clz.o(x$fpl$fsub)
    _fsub1                                   0x000042f3   Thumb Code     0  faddsub_clz.o(x$fpl$fsub)
    .L.str                                   0x000043ce   Data          15  main.o(.rodata.str1.1)
    [Anonymous Symbol]                       0x000043ce   Section        0  main.o(.rodata.str1.1)
    x$fpl$usenofp                            0x000043ce   Section        0  usenofp.o(x$fpl$usenofp)
    .L.str.1                                 0x000043dd   Data          19  main.o(.rodata.str1.1)
    .L.str                                   0x000043f0   Data           5  tasks.o(.rodata.str1.1)
    [Anonymous Symbol]                       0x000043f0   Section        0  tasks.o(.rodata.str1.1)
    uxCriticalNesting                        0x20000008   Data           4  port.o(.data.uxCriticalNesting)
    [Anonymous Symbol]                       0x20000008   Section        0  port.o(.data.uxCriticalNesting)
    .bss                                     0x20000010   Section       96  libspace.o(.bss)
    pxDelayedTaskList                        0x2000008c   Data           4  tasks.o(.bss.pxDelayedTaskList)
    [Anonymous Symbol]                       0x2000008c   Section        0  tasks.o(.bss.pxDelayedTaskList)
    pxEnd                                    0x20000090   Data           4  heap_4.o(.bss.pxEnd)
    [Anonymous Symbol]                       0x20000090   Section        0  heap_4.o(.bss.pxEnd)
    pxOverflowDelayedTaskList                0x20000094   Data           4  tasks.o(.bss.pxOverflowDelayedTaskList)
    [Anonymous Symbol]                       0x20000094   Section        0  tasks.o(.bss.pxOverflowDelayedTaskList)
    pxReadyTasksLists                        0x20000098   Data         100  tasks.o(.bss.pxReadyTasksLists)
    [Anonymous Symbol]                       0x20000098   Section        0  tasks.o(.bss.pxReadyTasksLists)
    ucHeap                                   0x20000100   Data        8096  heap_4.o(.bss.ucHeap)
    [Anonymous Symbol]                       0x20000100   Section        0  heap_4.o(.bss.ucHeap)
    ucMaxSysCallPriority                     0x200020a0   Data           1  port.o(.bss.ucMaxSysCallPriority)
    [Anonymous Symbol]                       0x200020a0   Section        0  port.o(.bss.ucMaxSysCallPriority)
    ulMaxPRIGROUPValue                       0x200020a4   Data           4  port.o(.bss.ulMaxPRIGROUPValue)
    [Anonymous Symbol]                       0x200020a4   Section        0  port.o(.bss.ulMaxPRIGROUPValue)
    ulStoppedTimerCompensation               0x200020a8   Data           4  port.o(.bss.ulStoppedTimerCompensation)
    [Anonymous Symbol]                       0x200020a8   Section        0  port.o(.bss.ulStoppedTimerCompensation)
    ulTimerCountsForOneTick                  0x200020ac   Data           4  port.o(.bss.ulTimerCountsForOneTick)
    [Anonymous Symbol]                       0x200020ac   Section        0  port.o(.bss.ulTimerCountsForOneTick)
    uxCurrentNumberOfTasks                   0x200020b0   Data           4  tasks.o(.bss.uxCurrentNumberOfTasks)
    [Anonymous Symbol]                       0x200020b0   Section        0  tasks.o(.bss.uxCurrentNumberOfTasks)
    uxDeletedTasksWaitingCleanUp             0x200020b4   Data           4  tasks.o(.bss.uxDeletedTasksWaitingCleanUp)
    [Anonymous Symbol]                       0x200020b4   Section        0  tasks.o(.bss.uxDeletedTasksWaitingCleanUp)
    uxSchedulerSuspended                     0x200020b8   Data           4  tasks.o(.bss.uxSchedulerSuspended)
    [Anonymous Symbol]                       0x200020b8   Section        0  tasks.o(.bss.uxSchedulerSuspended)
    uxTaskNumber                             0x200020bc   Data           4  tasks.o(.bss.uxTaskNumber)
    [Anonymous Symbol]                       0x200020bc   Section        0  tasks.o(.bss.uxTaskNumber)
    uxTopReadyPriority                       0x200020c0   Data           4  tasks.o(.bss.uxTopReadyPriority)
    [Anonymous Symbol]                       0x200020c0   Section        0  tasks.o(.bss.uxTopReadyPriority)
    xBlockAllocatedBit                       0x200020cc   Data           4  heap_4.o(.bss.xBlockAllocatedBit)
    [Anonymous Symbol]                       0x200020cc   Section        0  heap_4.o(.bss.xBlockAllocatedBit)
    xDelayedTaskList1                        0x200020d0   Data          20  tasks.o(.bss.xDelayedTaskList1)
    [Anonymous Symbol]                       0x200020d0   Section        0  tasks.o(.bss.xDelayedTaskList1)
    xDelayedTaskList2                        0x200020e4   Data          20  tasks.o(.bss.xDelayedTaskList2)
    [Anonymous Symbol]                       0x200020e4   Section        0  tasks.o(.bss.xDelayedTaskList2)
    xFreeBytesRemaining                      0x200020f8   Data           4  heap_4.o(.bss.xFreeBytesRemaining)
    [Anonymous Symbol]                       0x200020f8   Section        0  heap_4.o(.bss.xFreeBytesRemaining)
    xIdleTaskHandle                          0x200020fc   Data           4  tasks.o(.bss.xIdleTaskHandle)
    [Anonymous Symbol]                       0x200020fc   Section        0  tasks.o(.bss.xIdleTaskHandle)
    xMaximumPossibleSuppressedTicks          0x20002100   Data           4  port.o(.bss.xMaximumPossibleSuppressedTicks)
    [Anonymous Symbol]                       0x20002100   Section        0  port.o(.bss.xMaximumPossibleSuppressedTicks)
    xMinimumEverFreeBytesRemaining           0x20002104   Data           4  heap_4.o(.bss.xMinimumEverFreeBytesRemaining)
    [Anonymous Symbol]                       0x20002104   Section        0  heap_4.o(.bss.xMinimumEverFreeBytesRemaining)
    xNextTaskUnblockTime                     0x20002108   Data           4  tasks.o(.bss.xNextTaskUnblockTime)
    [Anonymous Symbol]                       0x20002108   Section        0  tasks.o(.bss.xNextTaskUnblockTime)
    xNumOfOverflows                          0x2000210c   Data           4  tasks.o(.bss.xNumOfOverflows)
    [Anonymous Symbol]                       0x2000210c   Section        0  tasks.o(.bss.xNumOfOverflows)
    xNumberOfSuccessfulAllocations           0x20002110   Data           4  heap_4.o(.bss.xNumberOfSuccessfulAllocations)
    [Anonymous Symbol]                       0x20002110   Section        0  heap_4.o(.bss.xNumberOfSuccessfulAllocations)
    xNumberOfSuccessfulFrees                 0x20002114   Data           4  heap_4.o(.bss.xNumberOfSuccessfulFrees)
    [Anonymous Symbol]                       0x20002114   Section        0  heap_4.o(.bss.xNumberOfSuccessfulFrees)
    xPendedTicks                             0x20002118   Data           4  tasks.o(.bss.xPendedTicks)
    [Anonymous Symbol]                       0x20002118   Section        0  tasks.o(.bss.xPendedTicks)
    xPendingReadyList                        0x2000211c   Data          20  tasks.o(.bss.xPendingReadyList)
    [Anonymous Symbol]                       0x2000211c   Section        0  tasks.o(.bss.xPendingReadyList)
    xSchedulerRunning                        0x20002130   Data           4  tasks.o(.bss.xSchedulerRunning)
    [Anonymous Symbol]                       0x20002130   Section        0  tasks.o(.bss.xSchedulerRunning)
    xStart                                   0x20002134   Data           8  heap_4.o(.bss.xStart)
    [Anonymous Symbol]                       0x20002134   Section        0  heap_4.o(.bss.xStart)
    xSuspendedTaskList                       0x2000213c   Data          20  tasks.o(.bss.xSuspendedTaskList)
    [Anonymous Symbol]                       0x2000213c   Section        0  tasks.o(.bss.xSuspendedTaskList)
    xTasksWaitingTermination                 0x20002150   Data          20  tasks.o(.bss.xTasksWaitingTermination)
    [Anonymous Symbol]                       0x20002150   Section        0  tasks.o(.bss.xTasksWaitingTermination)
    xTickCount                               0x20002164   Data           4  tasks.o(.bss.xTickCount)
    [Anonymous Symbol]                       0x20002164   Section        0  tasks.o(.bss.xTickCount)
    xYieldPending                            0x20002168   Data           4  tasks.o(.bss.xYieldPending)
    [Anonymous Symbol]                       0x20002168   Section        0  tasks.o(.bss.xYieldPending)
    Heap_Mem                                 0x20002170   Data           0  startup_tm4c123.o(HEAP)
    Stack_Mem                                0x20002170   Data        8192  startup_tm4c123.o(STACK)
    HEAP                                     0x20002170   Section        0  startup_tm4c123.o(HEAP)
    STACK                                    0x20002170   Section     8192  startup_tm4c123.o(STACK)
    __initial_sp                             0x20004170   Data           0  startup_tm4c123.o(STACK)

    Global Symbols

    Symbol Name                              Value     Ov Type        Size  Object(Section)

    BuildAttributes$$THM_ISAv4$E$P$D$K$B$S$7EM$PE$A:L22UL41UL21$X:L11$S22US41US21$IEEE1$IW$~IW$USESV6$~STKCKD$USESV7$~SHL$OSPACE$ROPI$EBA8$UX$STANDARDLIB$REQ8$PRES8$EABIv2 0x00000000   Number         0  anon$$obj.o ABSOLUTE
    __Vectors                                0x00000000   Data           4  startup_tm4c123.o(RESET)
    __fp_init_empty                          0x00000000   Number         0  fpinit_empty.o ABSOLUTE
    __ARM_exceptions_init                     - Undefined Weak Reference
    __alloca_initialize                       - Undefined Weak Reference
    __arm_preinit_                            - Undefined Weak Reference
    __cpp_initialize__aeabi_                  - Undefined Weak Reference
    __cxa_finalize                            - Undefined Weak Reference
    __rt_locale                               - Undefined Weak Reference
    __sigvec_lookup                           - Undefined Weak Reference
    _atexit_init                              - Undefined Weak Reference
    _call_atexit_fns                          - Undefined Weak Reference
    _clock_init                               - Undefined Weak Reference
    _fp_trap_init                             - Undefined Weak Reference
    _fp_trap_shutdown                         - Undefined Weak Reference
    _get_lc_collate                           - Undefined Weak Reference
    _get_lc_ctype                             - Undefined Weak Reference
    _get_lc_monetary                          - Undefined Weak Reference
    _get_lc_numeric                           - Undefined Weak Reference
    _get_lc_time                              - Undefined Weak Reference
    _getenv_init                              - Undefined Weak Reference
    _handle_redirection                       - Undefined Weak Reference
    _init_alloc                               - Undefined Weak Reference
    _init_user_alloc                          - Undefined Weak Reference
    _initio                                   - Undefined Weak Reference
    _rand_init                                - Undefined Weak Reference
    _signal_finish                            - Undefined Weak Reference
    _signal_init                              - Undefined Weak Reference
    _terminate_alloc                          - Undefined Weak Reference
    _terminate_user_alloc                     - Undefined Weak Reference
    _terminateio                              - Undefined Weak Reference
    __Vectors_End                            0x0000026c   Data           0  startup_tm4c123.o(RESET)
    __Vectors_Size                           0x0000026c   Number         0  startup_tm4c123.o ABSOLUTE
    __main                                   0x0000026d   Thumb Code     8  __main.o(!!!main)
    __scatterload                            0x00000275   Thumb Code     0  __scatter.o(!!!scatter)
    __scatterload_rt2                        0x00000275   Thumb Code    44  __scatter.o(!!!scatter)
    __scatterload_rt2_thumb_only             0x00000275   Thumb Code     0  __scatter.o(!!!scatter)
    __scatterload_null                       0x00000283   Thumb Code     0  __scatter.o(!!!scatter)
    __scatterload_copy                       0x000002a9   Thumb Code    26  __scatter_copy.o(!!handler_copy)
    __scatterload_zeroinit                   0x000002c5   Thumb Code    28  __scatter_zi.o(!!handler_zi)
    __rt_lib_init                            0x000002e1   Thumb Code     0  libinit.o(.ARM.Collect$$libinit$$00000000)
    __rt_lib_init_alloca_1                   0x000002e3   Thumb Code     0  libinit2.o(.ARM.Collect$$libinit$$0000002E)
    __rt_lib_init_argv_1                     0x000002e3   Thumb Code     0  libinit2.o(.ARM.Collect$$libinit$$0000002C)
    __rt_lib_init_atexit_1                   0x000002e3   Thumb Code     0  libinit2.o(.ARM.Collect$$libinit$$0000001B)
    __rt_lib_init_clock_1                    0x000002e3   Thumb Code     0  libinit2.o(.ARM.Collect$$libinit$$00000021)
    __rt_lib_init_cpp_1                      0x000002e3   Thumb Code     0  libinit2.o(.ARM.Collect$$libinit$$00000032)
    __rt_lib_init_exceptions_1               0x000002e3   Thumb Code     0  libinit2.o(.ARM.Collect$$libinit$$00000030)
    __rt_lib_init_fp_1                       0x000002e3   Thumb Code     0  libinit2.o(.ARM.Collect$$libinit$$00000002)
    __rt_lib_init_fp_trap_1                  0x000002e3   Thumb Code     0  libinit2.o(.ARM.Collect$$libinit$$0000001F)
    __rt_lib_init_getenv_1                   0x000002e3   Thumb Code     0  libinit2.o(.ARM.Collect$$libinit$$00000023)
    __rt_lib_init_heap_1                     0x000002e3   Thumb Code     0  libinit2.o(.ARM.Collect$$libinit$$0000000A)
    __rt_lib_init_lc_collate_1               0x000002e3   Thumb Code     0  libinit2.o(.ARM.Collect$$libinit$$00000011)
    __rt_lib_init_lc_ctype_1                 0x000002e3   Thumb Code     0  libinit2.o(.ARM.Collect$$libinit$$00000013)
    __rt_lib_init_lc_monetary_1              0x000002e3   Thumb Code     0  libinit2.o(.ARM.Collect$$libinit$$00000015)
    __rt_lib_init_lc_numeric_1               0x000002e3   Thumb Code     0  libinit2.o(.ARM.Collect$$libinit$$00000017)
    __rt_lib_init_lc_time_1                  0x000002e3   Thumb Code     0  libinit2.o(.ARM.Collect$$libinit$$00000019)
    __rt_lib_init_preinit_1                  0x000002e3   Thumb Code     0  libinit2.o(.ARM.Collect$$libinit$$00000004)
    __rt_lib_init_rand_1                     0x000002e3   Thumb Code     0  libinit2.o(.ARM.Collect$$libinit$$0000000E)
    __rt_lib_init_return                     0x000002e3   Thumb Code     0  libinit2.o(.ARM.Collect$$libinit$$00000033)
    __rt_lib_init_signal_1                   0x000002e3   Thumb Code     0  libinit2.o(.ARM.Collect$$libinit$$0000001D)
    __rt_lib_init_stdio_1                    0x000002e3   Thumb Code     0  libinit2.o(.ARM.Collect$$libinit$$00000025)
    __rt_lib_init_user_alloc_1               0x000002e3   Thumb Code     0  libinit2.o(.ARM.Collect$$libinit$$0000000C)
    __rt_lib_shutdown                        0x000002e5   Thumb Code     0  libshutdown.o(.ARM.Collect$$libshutdown$$00000000)
    __rt_lib_shutdown_cpp_1                  0x000002e7   Thumb Code     0  libshutdown2.o(.ARM.Collect$$libshutdown$$00000002)
    __rt_lib_shutdown_fp_trap_1              0x000002e7   Thumb Code     0  libshutdown2.o(.ARM.Collect$$libshutdown$$00000007)
    __rt_lib_shutdown_heap_1                 0x000002e7   Thumb Code     0  libshutdown2.o(.ARM.Collect$$libshutdown$$0000000F)
    __rt_lib_shutdown_return                 0x000002e7   Thumb Code     0  libshutdown2.o(.ARM.Collect$$libshutdown$$00000010)
    __rt_lib_shutdown_signal_1               0x000002e7   Thumb Code     0  libshutdown2.o(.ARM.Collect$$libshutdown$$0000000A)
    __rt_lib_shutdown_stdio_1                0x000002e7   Thumb Code     0  libshutdown2.o(.ARM.Collect$$libshutdown$$00000004)
    __rt_lib_shutdown_user_alloc_1           0x000002e7   Thumb Code     0  libshutdown2.o(.ARM.Collect$$libshutdown$$0000000C)
    __rt_entry                               0x000002e9   Thumb Code     0  __rtentry.o(.ARM.Collect$$rtentry$$00000000)
    __rt_entry_presh_1                       0x000002e9   Thumb Code     0  __rtentry2.o(.ARM.Collect$$rtentry$$00000002)
    __rt_entry_sh                            0x000002e9   Thumb Code     0  __rtentry4.o(.ARM.Collect$$rtentry$$00000004)
    __rt_entry_li                            0x000002ef   Thumb Code     0  __rtentry2.o(.ARM.Collect$$rtentry$$0000000A)
    __rt_entry_postsh_1                      0x000002ef   Thumb Code     0  __rtentry2.o(.ARM.Collect$$rtentry$$00000009)
    __rt_entry_main                          0x000002f3   Thumb Code     0  __rtentry2.o(.ARM.Collect$$rtentry$$0000000D)
    __rt_entry_postli_1                      0x000002f3   Thumb Code     0  __rtentry2.o(.ARM.Collect$$rtentry$$0000000C)
    __rt_exit                                0x000002fb   Thumb Code     0  rtexit.o(.ARM.Collect$$rtexit$$00000000)
    __rt_exit_ls                             0x000002fd   Thumb Code     0  rtexit2.o(.ARM.Collect$$rtexit$$00000003)
    __rt_exit_prels_1                        0x000002fd   Thumb Code     0  rtexit2.o(.ARM.Collect$$rtexit$$00000002)
    __rt_exit_exit                           0x00000301   Thumb Code     0  rtexit2.o(.ARM.Collect$$rtexit$$00000004)
    Reset_Handler                            0x00000309   Thumb Code     8  startup_tm4c123.o(.text)
    NMI_Handler                              0x00000311   Thumb Code     2  startup_tm4c123.o(.text)
    HardFault_Handler                        0x00000313   Thumb Code     2  startup_tm4c123.o(.text)
    MemManage_Handler                        0x00000315   Thumb Code     2  startup_tm4c123.o(.text)
    BusFault_Handler                         0x00000317   Thumb Code     2  startup_tm4c123.o(.text)
    UsageFault_Handler                       0x00000319   Thumb Code     2  startup_tm4c123.o(.text)
    DebugMon_Handler                         0x0000031d   Thumb Code     2  startup_tm4c123.o(.text)
    GPIOA_Handler                            0x00000323   Thumb Code     2  startup_tm4c123.o(.text)
    GPIOB_Handler                            0x00000325   Thumb Code     2  startup_tm4c123.o(.text)
    GPIOC_Handler                            0x00000327   Thumb Code     2  startup_tm4c123.o(.text)
    GPIOD_Handler                            0x00000329   Thumb Code     2  startup_tm4c123.o(.text)
    GPIOE_Handler                            0x0000032b   Thumb Code     2  startup_tm4c123.o(.text)
    UART0_Handler                            0x0000032d   Thumb Code     2  startup_tm4c123.o(.text)
    UART1_Handler                            0x0000032f   Thumb Code     2  startup_tm4c123.o(.text)
    SSI0_Handler                             0x00000331   Thumb Code     2  startup_tm4c123.o(.text)
    I2C0_Handler                             0x00000333   Thumb Code     2  startup_tm4c123.o(.text)
    PMW0_FAULT_Handler                       0x00000335   Thumb Code     2  startup_tm4c123.o(.text)
    PWM0_0_Handler                           0x00000337   Thumb Code     2  startup_tm4c123.o(.text)
    PWM0_1_Handler                           0x00000339   Thumb Code     2  startup_tm4c123.o(.text)
    PWM0_2_Handler                           0x0000033b   Thumb Code     2  startup_tm4c123.o(.text)
    QEI0_Handler                             0x0000033d   Thumb Code     2  startup_tm4c123.o(.text)
    ADC0SS0_Handler                          0x0000033f   Thumb Code     2  startup_tm4c123.o(.text)
    ADC0SS1_Handler                          0x00000341   Thumb Code     2  startup_tm4c123.o(.text)
    ADC0SS2_Handler                          0x00000343   Thumb Code     2  startup_tm4c123.o(.text)
    ADC0SS3_Handler                          0x00000345   Thumb Code     2  startup_tm4c123.o(.text)
    WDT0_Handler                             0x00000347   Thumb Code     2  startup_tm4c123.o(.text)
    TIMER0A_Handler                          0x00000349   Thumb Code     2  startup_tm4c123.o(.text)
    TIMER0B_Handler                          0x0000034b   Thumb Code     2  startup_tm4c123.o(.text)
    TIMER1B_Handler                          0x0000034f   Thumb Code     2  startup_tm4c123.o(.text)
    TIMER2A_Handler                          0x00000351   Thumb Code     2  startup_tm4c123.o(.text)
    TIMER2B_Handler                          0x00000353   Thumb Code     2  startup_tm4c123.o(.text)
    COMP0_Handler                            0x00000355   Thumb Code     2  startup_tm4c123.o(.text)
    COMP1_Handler                            0x00000357   Thumb Code     2  startup_tm4c123.o(.text)
    COMP2_Handler                            0x00000359   Thumb Code     2  startup_tm4c123.o(.text)
    SYSCTL_Handler                           0x0000035b   Thumb Code     2  startup_tm4c123.o(.text)
    FLASH_Handler                            0x0000035d   Thumb Code     2  startup_tm4c123.o(.text)
    GPIOF_Handler                            0x0000035f   Thumb Code     2  startup_tm4c123.o(.text)
    GPIOG_Handler                            0x00000361   Thumb Code     2  startup_tm4c123.o(.text)
    GPIOH_Handler                            0x00000363   Thumb Code     2  startup_tm4c123.o(.text)
    UART2_Handler                            0x00000365   Thumb Code     2  startup_tm4c123.o(.text)
    SSI1_Handler                             0x00000367   Thumb Code     2  startup_tm4c123.o(.text)
    TIMER3A_Handler                          0x00000369   Thumb Code     2  startup_tm4c123.o(.text)
    TIMER3B_Handler                          0x0000036b   Thumb Code     2  startup_tm4c123.o(.text)
    I2C1_Handler                             0x0000036d   Thumb Code     2  startup_tm4c123.o(.text)
    QEI1_Handler                             0x0000036f   Thumb Code     2  startup_tm4c123.o(.text)
    CAN0_Handler                             0x00000371   Thumb Code     2  startup_tm4c123.o(.text)
    CAN1_Handler                             0x00000373   Thumb Code     2  startup_tm4c123.o(.text)
    CAN2_Handler                             0x00000375   Thumb Code     2  startup_tm4c123.o(.text)
    HIB_Handler                              0x00000377   Thumb Code     2  startup_tm4c123.o(.text)
    USB0_Handler                             0x00000379   Thumb Code     2  startup_tm4c123.o(.text)
    PWM0_3_Handler                           0x0000037b   Thumb Code     2  startup_tm4c123.o(.text)
    UDMA_Handler                             0x0000037d   Thumb Code     2  startup_tm4c123.o(.text)
    UDMAERR_Handler                          0x0000037f   Thumb Code     2  startup_tm4c123.o(.text)
    ADC1SS0_Handler                          0x00000381   Thumb Code     2  startup_tm4c123.o(.text)
    ADC1SS1_Handler                          0x00000383   Thumb Code     2  startup_tm4c123.o(.text)
    ADC1SS2_Handler                          0x00000385   Thumb Code     2  startup_tm4c123.o(.text)
    ADC1SS3_Handler                          0x00000387   Thumb Code     2  startup_tm4c123.o(.text)
    GPIOJ_Handler                            0x00000389   Thumb Code     2  startup_tm4c123.o(.text)
    GPIOK_Handler                            0x0000038b   Thumb Code     2  startup_tm4c123.o(.text)
    GPIOL_Handler                            0x0000038d   Thumb Code     2  startup_tm4c123.o(.text)
    SSI2_Handler                             0x0000038f   Thumb Code     2  startup_tm4c123.o(.text)
    SSI3_Handler                             0x00000391   Thumb Code     2  startup_tm4c123.o(.text)
    UART3_Handler                            0x00000393   Thumb Code     2  startup_tm4c123.o(.text)
    UART4_Handler                            0x00000395   Thumb Code     2  startup_tm4c123.o(.text)
    UART5_Handler                            0x00000397   Thumb Code     2  startup_tm4c123.o(.text)
    UART6_Handler                            0x00000399   Thumb Code     2  startup_tm4c123.o(.text)
    UART7_Handler                            0x0000039b   Thumb Code     2  startup_tm4c123.o(.text)
    I2C2_Handler                             0x0000039d   Thumb Code     2  startup_tm4c123.o(.text)
    I2C3_Handler                             0x0000039f   Thumb Code     2  startup_tm4c123.o(.text)
    TIMER4A_Handler                          0x000003a1   Thumb Code     2  startup_tm4c123.o(.text)
    TIMER4B_Handler                          0x000003a3   Thumb Code     2  startup_tm4c123.o(.text)
    TIMER5A_Handler                          0x000003a5   Thumb Code     2  startup_tm4c123.o(.text)
    TIMER5B_Handler                          0x000003a7   Thumb Code     2  startup_tm4c123.o(.text)
    WTIMER0A_Handler                         0x000003a9   Thumb Code     2  startup_tm4c123.o(.text)
    WTIMER0B_Handler                         0x000003ab   Thumb Code     2  startup_tm4c123.o(.text)
    WTIMER1A_Handler                         0x000003ad   Thumb Code     2  startup_tm4c123.o(.text)
    WTIMER1B_Handler                         0x000003af   Thumb Code     2  startup_tm4c123.o(.text)
    WTIMER2A_Handler                         0x000003b1   Thumb Code     2  startup_tm4c123.o(.text)
    WTIMER2B_Handler                         0x000003b3   Thumb Code     2  startup_tm4c123.o(.text)
    WTIMER3A_Handler                         0x000003b5   Thumb Code     2  startup_tm4c123.o(.text)
    WTIMER3B_Handler                         0x000003b7   Thumb Code     2  startup_tm4c123.o(.text)
    WTIMER4A_Handler                         0x000003b9   Thumb Code     2  startup_tm4c123.o(.text)
    WTIMER4B_Handler                         0x000003bb   Thumb Code     2  startup_tm4c123.o(.text)
    WTIMER5A_Handler                         0x000003bd   Thumb Code     2  startup_tm4c123.o(.text)
    WTIMER5B_Handler                         0x000003bf   Thumb Code     2  startup_tm4c123.o(.text)
    FPU_Handler                              0x000003c1   Thumb Code     2  startup_tm4c123.o(.text)
    I2C4_Handler                             0x000003c3   Thumb Code     2  startup_tm4c123.o(.text)
    I2C5_Handler                             0x000003c5   Thumb Code     2  startup_tm4c123.o(.text)
    GPIOM_Handler                            0x000003c7   Thumb Code     2  startup_tm4c123.o(.text)
    GPION_Handler                            0x000003c9   Thumb Code     2  startup_tm4c123.o(.text)
    QEI2_Handler                             0x000003cb   Thumb Code     2  startup_tm4c123.o(.text)
    GPIOP0_Handler                           0x000003cd   Thumb Code     2  startup_tm4c123.o(.text)
    GPIOP1_Handler                           0x000003cf   Thumb Code     2  startup_tm4c123.o(.text)
    GPIOP2_Handler                           0x000003d1   Thumb Code     2  startup_tm4c123.o(.text)
    GPIOP3_Handler                           0x000003d3   Thumb Code     2  startup_tm4c123.o(.text)
    GPIOP4_Handler                           0x000003d5   Thumb Code     2  startup_tm4c123.o(.text)
    GPIOP5_Handler                           0x000003d7   Thumb Code     2  startup_tm4c123.o(.text)
    GPIOP6_Handler                           0x000003d9   Thumb Code     2  startup_tm4c123.o(.text)
    GPIOP7_Handler                           0x000003db   Thumb Code     2  startup_tm4c123.o(.text)
    GPIOQ0_Handler                           0x000003dd   Thumb Code     2  startup_tm4c123.o(.text)
    GPIOQ1_Handler                           0x000003df   Thumb Code     2  startup_tm4c123.o(.text)
    GPIOQ2_Handler                           0x000003e1   Thumb Code     2  startup_tm4c123.o(.text)
    GPIOQ3_Handler                           0x000003e3   Thumb Code     2  startup_tm4c123.o(.text)
    GPIOQ4_Handler                           0x000003e5   Thumb Code     2  startup_tm4c123.o(.text)
    GPIOQ5_Handler                           0x000003e7   Thumb Code     2  startup_tm4c123.o(.text)
    GPIOQ6_Handler                           0x000003e9   Thumb Code     2  startup_tm4c123.o(.text)
    GPIOQ7_Handler                           0x000003eb   Thumb Code     2  startup_tm4c123.o(.text)
    GPIOR_Handler                            0x000003ed   Thumb Code     2  startup_tm4c123.o(.text)
    GPIOS_Handler                            0x000003ef   Thumb Code     2  startup_tm4c123.o(.text)
    PMW1_0_Handler                           0x000003f1   Thumb Code     2  startup_tm4c123.o(.text)
    PWM1_1_Handler                           0x000003f3   Thumb Code     2  startup_tm4c123.o(.text)
    PWM1_2_Handler                           0x000003f5   Thumb Code     2  startup_tm4c123.o(.text)
    PWM1_3_Handler                           0x000003f7   Thumb Code     2  startup_tm4c123.o(.text)
    PWM1_FAULT_Handler                       0x000003f9   Thumb Code     2  startup_tm4c123.o(.text)
    __user_initial_stackheap                 0x000003fd   Thumb Code     0  startup_tm4c123.o(.text)
    __aeabi_memcpy                           0x0000041d   Thumb Code     0  rt_memcpy_v6.o(.text)
    __rt_memcpy                              0x0000041d   Thumb Code   138  rt_memcpy_v6.o(.text)
    _memcpy_lastbytes                        0x00000483   Thumb Code     0  rt_memcpy_v6.o(.text)
    __aeabi_memset4                          0x000004a7   Thumb Code    16  aeabi_memset4.o(.text)
    __aeabi_memset8                          0x000004a7   Thumb Code     0  aeabi_memset4.o(.text)
    __use_two_region_memory                  0x000004b7   Thumb Code     2  heapauxi.o(.text)
    __rt_heap_escrow$2region                 0x000004b9   Thumb Code     2  heapauxi.o(.text)
    __rt_heap_expand$2region                 0x000004bb   Thumb Code     2  heapauxi.o(.text)
    __aeabi_memcpy4                          0x000004bd   Thumb Code     0  rt_memcpy_w.o(.text)
    __aeabi_memcpy8                          0x000004bd   Thumb Code     0  rt_memcpy_w.o(.text)
    __rt_memcpy_w                            0x000004bd   Thumb Code   100  rt_memcpy_w.o(.text)
    _memcpy_lastbytes_aligned                0x00000505   Thumb Code     0  rt_memcpy_w.o(.text)
    __aeabi_memclr4                          0x00000521   Thumb Code     0  rt_memclr_w.o(.text)
    __aeabi_memclr8                          0x00000521   Thumb Code     0  rt_memclr_w.o(.text)
    __rt_memclr_w                            0x00000521   Thumb Code     0  rt_memclr_w.o(.text)
    _memset_w                                0x00000525   Thumb Code    74  rt_memclr_w.o(.text)
    __user_setup_stackheap                   0x0000056f   Thumb Code    74  sys_stackheap_outer.o(.text)
    exit                                     0x000005b9   Thumb Code    18  exit.o(.text)
    __user_libspace                          0x000005cd   Thumb Code     8  libspace.o(.text)
    __user_perproc_libspace                  0x000005cd   Thumb Code     0  libspace.o(.text)
    __user_perthread_libspace                0x000005cd   Thumb Code     0  libspace.o(.text)
    _sys_exit                                0x000005d5   Thumb Code     8  sys_exit.o(.text)
    __I$use$semihosting                      0x000005e1   Thumb Code     0  use_no_semi.o(.text)
    __use_no_semihosting_swi                 0x000005e1   Thumb Code     2  use_no_semi.o(.text)
    __semihosting_library_function           0x000005e3   Thumb Code     0  indicate_semi.o(.text)
    ADC_INIT                                 0x000005e5   Thumb Code   126  adc.o(.text.ADC_INIT)
    GPTimer0_Config                          0x00000665   Thumb Code    88  delay_functions_gptimer0.o(.text.GPTimer0_Config)
    GP_Timer1_INIT                           0x000006bd   Thumb Code   154  gp_timer1.o(.text.GP_Timer1_INIT)
    GP_Timer1_Start                          0x00000759   Thumb Code    36  gp_timer1.o(.text.GP_Timer1_Start)
    LCD_clearScreen                          0x0000077d   Thumb Code    10  lcd.o(.text.LCD_clearScreen)
    LCD_displayCharacter                     0x00000789   Thumb Code   104  lcd.o(.text.LCD_displayCharacter)
    LCD_displayString                        0x000007f1   Thumb Code    54  lcd.o(.text.LCD_displayString)
    LCD_init                                 0x00000829   Thumb Code   350  lcd.o(.text.LCD_init)
    LCD_sendCommand                          0x00000989   Thumb Code   124  lcd.o(.text.LCD_sendCommand)
    PendSV_Handler                           0x00000a11   Thumb Code    68  port.o(.text.PendSV_Handler)
    SVC_Handler                              0x00000a61   Thumb Code    36  port.o(.text.SVC_Handler)
    SysTick_Handler                          0x00000a85   Thumb Code    60  port.o(.text.SysTick_Handler)
    SystemInit                               0x00000ac1   Thumb Code   252  system_tm4c123.o(.text.SystemInit)
    TIMER1A_Handler                          0x00000bbd   Thumb Code    96  main.o(.text.TIMER1A_Handler)
    delay_ms                                 0x00000c1d   Thumb Code   102  delay_functions_gptimer0.o(.text.delay_ms)
    delay_us                                 0x00000c85   Thumb Code   102  delay_functions_gptimer0.o(.text.delay_us)
    eTaskConfirmSleepModeStatus              0x00000ced   Thumb Code   128  tasks.o(.text.eTaskConfirmSleepModeStatus)
    ftoa                                     0x00000d6d   Thumb Code   160  tostringconverter.o(.text.ftoa)
    intToStr                                 0x00000e0d   Thumb Code   130  tostringconverter.o(.text.intToStr)
    main                                     0x00000e91   Thumb Code   198  main.o(.text.main)
    pvPortMalloc                             0x00001a21   Thumb Code   530  heap_4.o(.text.pvPortMalloc)
    pvTaskIncrementMutexHeldCount            0x00001c35   Thumb Code    44  tasks.o(.text.pvTaskIncrementMutexHeldCount)
    pxPortInitialiseStack                    0x00001c61   Thumb Code    80  port.o(.text.pxPortInitialiseStack)
    reverse                                  0x00001cb1   Thumb Code    72  tostringconverter.o(.text.reverse)
    uxListRemove                             0x00001cf9   Thumb Code    72  list.o(.text.uxListRemove)
    vApplicationIdleHook                     0x00001d41   Thumb Code     2  main.o(.text.vApplicationIdleHook)
    vDisplayTemperature                      0x00001d45   Thumb Code   102  main.o(.text.vDisplayTemperature)
    vGetTemperature                          0x00001dad   Thumb Code   202  main.o(.text.vGetTemperature)
    vListInitialise                          0x00001e79   Thumb Code    46  list.o(.text.vListInitialise)
    vListInitialiseItem                      0x00001ea9   Thumb Code    14  list.o(.text.vListInitialiseItem)
    vListInsert                              0x00001eb9   Thumb Code   106  list.o(.text.vListInsert)
    vListInsertEnd                           0x00001f25   Thumb Code    58  list.o(.text.vListInsertEnd)
    vPortEnterCritical                       0x00001f61   Thumb Code    86  port.o(.text.vPortEnterCritical)
    vPortExitCritical                        0x00001fb9   Thumb Code    74  port.o(.text.vPortExitCritical)
    vPortFree                                0x00002005   Thumb Code   206  heap_4.o(.text.vPortFree)
    vPortSetupTimerInterrupt                 0x000020d5   Thumb Code   120  port.o(.text.vPortSetupTimerInterrupt)
    vPortSuppressTicksAndSleep               0x0000214d   Thumb Code   524  port.o(.text.vPortSuppressTicksAndSleep)
    vPortValidateInterruptPriority           0x00002359   Thumb Code   132  port.o(.text.vPortValidateInterruptPriority)
    vTaskInternalSetTimeOutState             0x000023dd   Thumb Code    36  tasks.o(.text.vTaskInternalSetTimeOutState)
    vTaskMissedYield                         0x00002401   Thumb Code    14  tasks.o(.text.vTaskMissedYield)
    vTaskPlaceOnEventList                    0x00002411   Thumb Code    66  tasks.o(.text.vTaskPlaceOnEventList)
    vTaskPriorityDisinheritAfterTimeout      0x00002455   Thumb Code   320  tasks.o(.text.vTaskPriorityDisinheritAfterTimeout)
    vTaskStartScheduler                      0x00002595   Thumb Code   170  tasks.o(.text.vTaskStartScheduler)
    vTaskStepTick                            0x00002641   Thumb Code    76  tasks.o(.text.vTaskStepTick)
    vTaskSuspendAll                          0x0000268d   Thumb Code    16  tasks.o(.text.vTaskSuspendAll)
    vTaskSwitchContext                       0x0000269d   Thumb Code   190  tasks.o(.text.vTaskSwitchContext)
    xPortStartScheduler                      0x0000275d   Thumb Code   230  port.o(.text.xPortStartScheduler)
    xQueueGenericCreate                      0x00002845   Thumb Code   204  queue.o(.text.xQueueGenericCreate)
    xQueueGenericReset                       0x00002911   Thumb Code   186  queue.o(.text.xQueueGenericReset)
    xQueueGenericSend                        0x000029cd   Thumb Code   628  queue.o(.text.xQueueGenericSend)
    xQueueGiveFromISR                        0x00002c41   Thumb Code   366  queue.o(.text.xQueueGiveFromISR)
    xQueueSemaphoreTake                      0x00002db1   Thumb Code   556  queue.o(.text.xQueueSemaphoreTake)
    xTaskCheckForTimeOut                     0x00002fdd   Thumb Code   252  tasks.o(.text.xTaskCheckForTimeOut)
    xTaskCreate                              0x000030d9   Thumb Code   152  tasks.o(.text.xTaskCreate)
    xTaskGetSchedulerState                   0x00003171   Thumb Code    56  tasks.o(.text.xTaskGetSchedulerState)
    xTaskIncrementTick                       0x000031a9   Thumb Code   440  tasks.o(.text.xTaskIncrementTick)
    xTaskPriorityDisinherit                  0x00003361   Thumb Code   250  tasks.o(.text.xTaskPriorityDisinherit)
    xTaskPriorityInherit                     0x0000345d   Thumb Code   282  tasks.o(.text.xTaskPriorityInherit)
    xTaskRemoveFromEventList                 0x00003579   Thumb Code   198  tasks.o(.text.xTaskRemoveFromEventList)
    xTaskResumeAll                           0x00003641   Thumb Code   376  tasks.o(.text.xTaskResumeAll)
    __aeabi_d2f                              0x000037b9   Thumb Code     0  d2f.o(x$fpl$d2f)
    _d2f                                     0x000037b9   Thumb Code    98  d2f.o(x$fpl$d2f)
    __aeabi_dadd                             0x0000381d   Thumb Code     0  daddsub_clz.o(x$fpl$dadd)
    _dadd                                    0x0000381d   Thumb Code   332  daddsub_clz.o(x$fpl$dadd)
    __aeabi_ddiv                             0x0000396d   Thumb Code     0  ddiv.o(x$fpl$ddiv)
    _ddiv                                    0x0000396d   Thumb Code   556  ddiv.o(x$fpl$ddiv)
    __aeabi_ui2d                             0x00003c21   Thumb Code     0  dflt_clz.o(x$fpl$dfltu)
    _dfltu                                   0x00003c21   Thumb Code    38  dflt_clz.o(x$fpl$dfltu)
    __aeabi_dmul                             0x00003c49   Thumb Code     0  dmul.o(x$fpl$dmul)
    _dmul                                    0x00003c49   Thumb Code   332  dmul.o(x$fpl$dmul)
    __fpl_dnaninf                            0x00003d9d   Thumb Code   156  dnaninf.o(x$fpl$dnaninf)
    __fpl_dretinf                            0x00003e39   Thumb Code    12  dretinf.o(x$fpl$dretinf)
    __aeabi_dsub                             0x00003e45   Thumb Code     0  daddsub_clz.o(x$fpl$dsub)
    _dsub                                    0x00003e45   Thumb Code   472  daddsub_clz.o(x$fpl$dsub)
    __aeabi_fadd                             0x00004021   Thumb Code     0  faddsub_clz.o(x$fpl$fadd)
    _fadd                                    0x00004021   Thumb Code   196  faddsub_clz.o(x$fpl$fadd)
    __aeabi_f2iz                             0x000040e5   Thumb Code     0  ffix.o(x$fpl$ffix)
    _ffix                                    0x000040e5   Thumb Code    54  ffix.o(x$fpl$ffix)
    __aeabi_i2f                              0x0000411d   Thumb Code     0  fflt_clz.o(x$fpl$fflt)
    _fflt                                    0x0000411d   Thumb Code    48  fflt_clz.o(x$fpl$fflt)
    __aeabi_fmul                             0x0000414d   Thumb Code     0  fmul.o(x$fpl$fmul)
    _fmul                                    0x0000414d   Thumb Code   258  fmul.o(x$fpl$fmul)
    __fpl_fnaninf                            0x0000424f   Thumb Code   140  fnaninf.o(x$fpl$fnaninf)
    __fpl_fretinf                            0x000042db   Thumb Code    10  fretinf.o(x$fpl$fretinf)
    __aeabi_fsub                             0x000042e5   Thumb Code     0  faddsub_clz.o(x$fpl$fsub)
    _fsub                                    0x000042e5   Thumb Code   234  faddsub_clz.o(x$fpl$fsub)
    __I$use$fp                               0x000043ce   Number         0  usenofp.o(x$fpl$usenofp)
    uxTopUsedPriority                        0x000043f8   Data           4  tasks.o(.rodata.uxTopUsedPriority)
    Region$$Table$$Base                      0x000043fc   Number         0  anon$$obj.o(Region$$Table)
    Region$$Table$$Limit                     0x0000441c   Number         0  anon$$obj.o(Region$$Table)
    MC_CLOCK                                 0x20000000   Data           4  delay_functions_gptimer0.o(.data.MC_CLOCK)
    SystemCoreClock                          0x20000004   Data           4  system_tm4c123.o(.data.SystemCoreClock)
    __libspace_start                         0x20000010   Data          96  libspace.o(.bss)
    ADC_Task_Execution_Count                 0x20000070   Data           8  main.o(.bss.ADC_Task_Execution_Count)
    __temporary_stack_top$libspace           0x20000070   Data           0  libspace.o(.bss)
    Interrupt_Execution_Count                0x20000078   Data           8  main.o(.bss.Interrupt_Execution_Count)
    LCD_Task_Execution_Count                 0x20000080   Data           8  main.o(.bss.LCD_Task_Execution_Count)
    pxCurrentTCB                             0x20000088   Data           4  tasks.o(.bss.pxCurrentTCB)
    temperature                              0x200000fc   Data           4  main.o(.bss.temperature)
    xBinarySemaphoreDisplayTemperature       0x200020c4   Data           4  main.o(.bss.xBinarySemaphoreDisplayTemperature)
    xBinarySemaphoreReadTemperature          0x200020c8   Data           4  main.o(.bss.xBinarySemaphoreReadTemperature)



==============================================================================

Memory Map of the image

  Image Entry point : 0x00000309

  Load Region LR_1 (Base: 0x00000000, Size: 0x00004428, Max: 0xffffffff, ABSOLUTE)

    Execution Region ER_RO (Exec base: 0x00000000, Load base: 0x00000000, Size: 0x0000441c, Max: 0xffffffff, ABSOLUTE)

    Exec Addr    Load Addr    Size         Type   Attr      Idx    E Section Name        Object

    0x00000000   0x00000000   0x0000026c   Data   RO          103    RESET               startup_tm4c123.o
    0x0000026c   0x0000026c   0x00000008   Code   RO          473  * !!!main             c_w.l(__main.o)
    0x00000274   0x00000274   0x00000034   Code   RO          687    !!!scatter          c_w.l(__scatter.o)
    0x000002a8   0x000002a8   0x0000001a   Code   RO          689    !!handler_copy      c_w.l(__scatter_copy.o)
    0x000002c2   0x000002c2   0x00000002   PAD
    0x000002c4   0x000002c4   0x0000001c   Code   RO          691    !!handler_zi        c_w.l(__scatter_zi.o)
    0x000002e0   0x000002e0   0x00000002   Code   RO          551    .ARM.Collect$$libinit$$00000000  c_w.l(libinit.o)
    0x000002e2   0x000002e2   0x00000000   Code   RO          558    .ARM.Collect$$libinit$$00000002  c_w.l(libinit2.o)
    0x000002e2   0x000002e2   0x00000000   Code   RO          560    .ARM.Collect$$libinit$$00000004  c_w.l(libinit2.o)
    0x000002e2   0x000002e2   0x00000000   Code   RO          563    .ARM.Collect$$libinit$$0000000A  c_w.l(libinit2.o)
    0x000002e2   0x000002e2   0x00000000   Code   RO          565    .ARM.Collect$$libinit$$0000000C  c_w.l(libinit2.o)
    0x000002e2   0x000002e2   0x00000000   Code   RO          567    .ARM.Collect$$libinit$$0000000E  c_w.l(libinit2.o)
    0x000002e2   0x000002e2   0x00000000   Code   RO          570    .ARM.Collect$$libinit$$00000011  c_w.l(libinit2.o)
    0x000002e2   0x000002e2   0x00000000   Code   RO          572    .ARM.Collect$$libinit$$00000013  c_w.l(libinit2.o)
    0x000002e2   0x000002e2   0x00000000   Code   RO          574    .ARM.Collect$$libinit$$00000015  c_w.l(libinit2.o)
    0x000002e2   0x000002e2   0x00000000   Code   RO          576    .ARM.Collect$$libinit$$00000017  c_w.l(libinit2.o)
    0x000002e2   0x000002e2   0x00000000   Code   RO          578    .ARM.Collect$$libinit$$00000019  c_w.l(libinit2.o)
    0x000002e2   0x000002e2   0x00000000   Code   RO          580    .ARM.Collect$$libinit$$0000001B  c_w.l(libinit2.o)
    0x000002e2   0x000002e2   0x00000000   Code   RO          582    .ARM.Collect$$libinit$$0000001D  c_w.l(libinit2.o)
    0x000002e2   0x000002e2   0x00000000   Code   RO          584    .ARM.Collect$$libinit$$0000001F  c_w.l(libinit2.o)
    0x000002e2   0x000002e2   0x00000000   Code   RO          586    .ARM.Collect$$libinit$$00000021  c_w.l(libinit2.o)
    0x000002e2   0x000002e2   0x00000000   Code   RO          588    .ARM.Collect$$libinit$$00000023  c_w.l(libinit2.o)
    0x000002e2   0x000002e2   0x00000000   Code   RO          590    .ARM.Collect$$libinit$$00000025  c_w.l(libinit2.o)
    0x000002e2   0x000002e2   0x00000000   Code   RO          594    .ARM.Collect$$libinit$$0000002C  c_w.l(libinit2.o)
    0x000002e2   0x000002e2   0x00000000   Code   RO          596    .ARM.Collect$$libinit$$0000002E  c_w.l(libinit2.o)
    0x000002e2   0x000002e2   0x00000000   Code   RO          598    .ARM.Collect$$libinit$$00000030  c_w.l(libinit2.o)
    0x000002e2   0x000002e2   0x00000000   Code   RO          600    .ARM.Collect$$libinit$$00000032  c_w.l(libinit2.o)
    0x000002e2   0x000002e2   0x00000002   Code   RO          601    .ARM.Collect$$libinit$$00000033  c_w.l(libinit2.o)
    0x000002e4   0x000002e4   0x00000002   Code   RO          623    .ARM.Collect$$libshutdown$$00000000  c_w.l(libshutdown.o)
    0x000002e6   0x000002e6   0x00000000   Code   RO          638    .ARM.Collect$$libshutdown$$00000002  c_w.l(libshutdown2.o)
    0x000002e6   0x000002e6   0x00000000   Code   RO          640    .ARM.Collect$$libshutdown$$00000004  c_w.l(libshutdown2.o)
    0x000002e6   0x000002e6   0x00000000   Code   RO          643    .ARM.Collect$$libshutdown$$00000007  c_w.l(libshutdown2.o)
    0x000002e6   0x000002e6   0x00000000   Code   RO          646    .ARM.Collect$$libshutdown$$0000000A  c_w.l(libshutdown2.o)
    0x000002e6   0x000002e6   0x00000000   Code   RO          648    .ARM.Collect$$libshutdown$$0000000C  c_w.l(libshutdown2.o)
    0x000002e6   0x000002e6   0x00000000   Code   RO          651    .ARM.Collect$$libshutdown$$0000000F  c_w.l(libshutdown2.o)
    0x000002e6   0x000002e6   0x00000002   Code   RO          652    .ARM.Collect$$libshutdown$$00000010  c_w.l(libshutdown2.o)
    0x000002e8   0x000002e8   0x00000000   Code   RO          513    .ARM.Collect$$rtentry$$00000000  c_w.l(__rtentry.o)
    0x000002e8   0x000002e8   0x00000000   Code   RO          528    .ARM.Collect$$rtentry$$00000002  c_w.l(__rtentry2.o)
    0x000002e8   0x000002e8   0x00000006   Code   RO          540    .ARM.Collect$$rtentry$$00000004  c_w.l(__rtentry4.o)
    0x000002ee   0x000002ee   0x00000000   Code   RO          530    .ARM.Collect$$rtentry$$00000009  c_w.l(__rtentry2.o)
    0x000002ee   0x000002ee   0x00000004   Code   RO          531    .ARM.Collect$$rtentry$$0000000A  c_w.l(__rtentry2.o)
    0x000002f2   0x000002f2   0x00000000   Code   RO          533    .ARM.Collect$$rtentry$$0000000C  c_w.l(__rtentry2.o)
    0x000002f2   0x000002f2   0x00000008   Code   RO          534    .ARM.Collect$$rtentry$$0000000D  c_w.l(__rtentry2.o)
    0x000002fa   0x000002fa   0x00000002   Code   RO          555    .ARM.Collect$$rtexit$$00000000  c_w.l(rtexit.o)
    0x000002fc   0x000002fc   0x00000000   Code   RO          603    .ARM.Collect$$rtexit$$00000002  c_w.l(rtexit2.o)
    0x000002fc   0x000002fc   0x00000004   Code   RO          604    .ARM.Collect$$rtexit$$00000003  c_w.l(rtexit2.o)
    0x00000300   0x00000300   0x00000006   Code   RO          605    .ARM.Collect$$rtexit$$00000004  c_w.l(rtexit2.o)
    0x00000306   0x00000306   0x00000002   PAD
    0x00000308   0x00000308   0x00000114   Code   RO          104  * .text               startup_tm4c123.o
    0x0000041c   0x0000041c   0x0000008a   Code   RO          467    .text               c_w.l(rt_memcpy_v6.o)
    0x000004a6   0x000004a6   0x00000010   Code   RO          469    .text               c_w.l(aeabi_memset4.o)
    0x000004b6   0x000004b6   0x00000006   Code   RO          471    .text               c_w.l(heapauxi.o)
    0x000004bc   0x000004bc   0x00000064   Code   RO          514    .text               c_w.l(rt_memcpy_w.o)
    0x00000520   0x00000520   0x0000004e   Code   RO          516    .text               c_w.l(rt_memclr_w.o)
    0x0000056e   0x0000056e   0x0000004a   Code   RO          542    .text               c_w.l(sys_stackheap_outer.o)
    0x000005b8   0x000005b8   0x00000012   Code   RO          544    .text               c_w.l(exit.o)
    0x000005ca   0x000005ca   0x00000002   PAD
    0x000005cc   0x000005cc   0x00000008   Code   RO          552    .text               c_w.l(libspace.o)
    0x000005d4   0x000005d4   0x0000000c   Code   RO          613    .text               c_w.l(sys_exit.o)
    0x000005e0   0x000005e0   0x00000002   Code   RO          628    .text               c_w.l(use_no_semi.o)
    0x000005e2   0x000005e2   0x00000000   Code   RO          630    .text               c_w.l(indicate_semi.o)
    0x000005e2   0x000005e2   0x00000002   PAD
    0x000005e4   0x000005e4   0x0000007e   Code   RO           33    .text.ADC_INIT      adc.o
    0x00000662   0x00000662   0x00000002   PAD
    0x00000664   0x00000664   0x00000058   Code   RO           41    .text.GPTimer0_Config  delay_functions_gptimer0.o
    0x000006bc   0x000006bc   0x0000009a   Code   RO           91    .text.GP_Timer1_INIT  gp_timer1.o
    0x00000756   0x00000756   0x00000002   PAD
    0x00000758   0x00000758   0x00000024   Code   RO           93    .text.GP_Timer1_Start  gp_timer1.o
    0x0000077c   0x0000077c   0x0000000a   Code   RO           69    .text.LCD_clearScreen  lcd.o
    0x00000786   0x00000786   0x00000002   PAD
    0x00000788   0x00000788   0x00000068   Code   RO           61    .text.LCD_displayCharacter  lcd.o
    0x000007f0   0x000007f0   0x00000036   Code   RO           63    .text.LCD_displayString  lcd.o
    0x00000826   0x00000826   0x00000002   PAD
    0x00000828   0x00000828   0x0000015e   Code   RO           57    .text.LCD_init      lcd.o
    0x00000986   0x00000986   0x00000002   PAD
    0x00000988   0x00000988   0x0000007c   Code   RO           59    .text.LCD_sendCommand  lcd.o
    0x00000a04   0x00000a04   0x0000000c   PAD
    0x00000a10   0x00000a10   0x00000044   Code   RO          161    .text.PendSV_Handler  port.o
    0x00000a54   0x00000a54   0x0000000c   PAD
    0x00000a60   0x00000a60   0x00000024   Code   RO          147    .text.SVC_Handler   port.o
    0x00000a84   0x00000a84   0x0000003c   Code   RO          163    .text.SysTick_Handler  port.o
    0x00000ac0   0x00000ac0   0x000000fc   Code   RO          115    .text.SystemInit    system_tm4c123.o
    0x00000bbc   0x00000bbc   0x00000060   Code   RO            2    .text.TIMER1A_Handler  main.o
    0x00000c1c   0x00000c1c   0x00000066   Code   RO           45    .text.delay_ms      delay_functions_gptimer0.o
    0x00000c82   0x00000c82   0x00000002   PAD
    0x00000c84   0x00000c84   0x00000066   Code   RO           43    .text.delay_us      delay_functions_gptimer0.o
    0x00000cea   0x00000cea   0x00000002   PAD
    0x00000cec   0x00000cec   0x00000080   Code   RO          390    .text.eTaskConfirmSleepModeStatus  tasks.o
    0x00000d6c   0x00000d6c   0x000000a0   Code   RO           82    .text.ftoa          tostringconverter.o
    0x00000e0c   0x00000e0c   0x00000082   Code   RO           80    .text.intToStr      tostringconverter.o
    0x00000e8e   0x00000e8e   0x00000002   PAD
    0x00000e90   0x00000e90   0x000000c6   Code   RO            8    .text.main          main.o
    0x00000f56   0x00000f56   0x00000002   PAD
    0x00000f58   0x00000f58   0x000000fc   Code   RO          314    .text.prvAddCurrentTaskToDelayedList  tasks.o
    0x00001054   0x00001054   0x00000116   Code   RO          302    .text.prvAddNewTaskToReadyList  tasks.o
    0x0000116a   0x0000116a   0x00000002   PAD
    0x0000116c   0x0000116c   0x0000005a   Code   RO          430    .text.prvCheckTasksWaitingTermination  tasks.o
    0x000011c6   0x000011c6   0x00000002   PAD
    0x000011c8   0x000011c8   0x000000cc   Code   RO          237    .text.prvCopyDataToQueue  queue.o
    0x00001294   0x00001294   0x00000018   Code   RO          306    .text.prvDeleteTCB  tasks.o
    0x000012ac   0x000012ac   0x00000026   Code   RO          255    .text.prvGetDisinheritPriorityAfterTimeout  queue.o
    0x000012d2   0x000012d2   0x00000002   PAD
    0x000012d4   0x000012d4   0x0000007c   Code   RO          432    .text.prvGetExpectedIdleTime  tasks.o
    0x00001350   0x00001350   0x000000bc   Code   RO          184    .text.prvHeapInit   heap_4.o
    0x0000140c   0x0000140c   0x0000009e   Code   RO          340    .text.prvIdleTask   tasks.o
    0x000014aa   0x000014aa   0x00000002   PAD
    0x000014ac   0x000014ac   0x0000004e   Code   RO          217    .text.prvInitialiseNewQueue  queue.o
    0x000014fa   0x000014fa   0x00000002   PAD
    0x000014fc   0x000014fc   0x00000128   Code   RO          300    .text.prvInitialiseNewTask  tasks.o
    0x00001624   0x00001624   0x0000008e   Code   RO          428    .text.prvInitialiseTaskLists  tasks.o
    0x000016b2   0x000016b2   0x00000002   PAD
    0x000016b4   0x000016b4   0x000000c6   Code   RO          186    .text.prvInsertBlockIntoFreeList  heap_4.o
    0x0000177a   0x0000177a   0x00000002   PAD
    0x0000177c   0x0000177c   0x00000028   Code   RO          253    .text.prvIsQueueEmpty  queue.o
    0x000017a4   0x000017a4   0x0000002e   Code   RO          241    .text.prvIsQueueFull  queue.o
    0x000017d2   0x000017d2   0x00000002   PAD
    0x000017d4   0x000017d4   0x000000d8   Code   RO          239    .text.prvNotifyQueueSetContainer  queue.o
    0x000018ac   0x000018ac   0x00000020   Code   RO          153    .text.prvPortStartFirstTask  port.o
    0x000018cc   0x000018cc   0x0000003c   Code   RO          308    .text.prvResetNextTaskUnblockTime  tasks.o
    0x00001908   0x00001908   0x0000004c   Code   RO          145    .text.prvTaskExitError  port.o
    0x00001954   0x00001954   0x000000cc   Code   RO          243    .text.prvUnlockQueue  queue.o
    0x00001a20   0x00001a20   0x00000212   Code   RO          182    .text.pvPortMalloc  heap_4.o
    0x00001c32   0x00001c32   0x00000002   PAD
    0x00001c34   0x00001c34   0x0000002c   Code   RO          412    .text.pvTaskIncrementMutexHeldCount  tasks.o
    0x00001c60   0x00001c60   0x00000050   Code   RO          143    .text.pxPortInitialiseStack  port.o
    0x00001cb0   0x00001cb0   0x00000048   Code   RO           78    .text.reverse       tostringconverter.o
    0x00001cf8   0x00001cf8   0x00000048   Code   RO          134    .text.uxListRemove  list.o
    0x00001d40   0x00001d40   0x00000002   Code   RO           14    .text.vApplicationIdleHook  main.o
    0x00001d42   0x00001d42   0x00000002   PAD
    0x00001d44   0x00001d44   0x00000066   Code   RO            6    .text.vDisplayTemperature  main.o
    0x00001daa   0x00001daa   0x00000002   PAD
    0x00001dac   0x00001dac   0x000000ca   Code   RO            4    .text.vGetTemperature  main.o
    0x00001e76   0x00001e76   0x00000002   PAD
    0x00001e78   0x00001e78   0x0000002e   Code   RO          126    .text.vListInitialise  list.o
    0x00001ea6   0x00001ea6   0x00000002   PAD
    0x00001ea8   0x00001ea8   0x0000000e   Code   RO          128    .text.vListInitialiseItem  list.o
    0x00001eb6   0x00001eb6   0x00000002   PAD
    0x00001eb8   0x00001eb8   0x0000006a   Code   RO          132    .text.vListInsert   list.o
    0x00001f22   0x00001f22   0x00000002   PAD
    0x00001f24   0x00001f24   0x0000003a   Code   RO          130    .text.vListInsertEnd  list.o
    0x00001f5e   0x00001f5e   0x00000002   PAD
    0x00001f60   0x00001f60   0x00000056   Code   RO          157    .text.vPortEnterCritical  port.o
    0x00001fb6   0x00001fb6   0x00000002   PAD
    0x00001fb8   0x00001fb8   0x0000004a   Code   RO          159    .text.vPortExitCritical  port.o
    0x00002002   0x00002002   0x00000002   PAD
    0x00002004   0x00002004   0x000000ce   Code   RO          188    .text.vPortFree     heap_4.o
    0x000020d2   0x000020d2   0x00000002   PAD
    0x000020d4   0x000020d4   0x00000078   Code   RO          151    .text.vPortSetupTimerInterrupt  port.o
    0x0000214c   0x0000214c   0x0000020c   Code   RO          165    .text.vPortSuppressTicksAndSleep  port.o
    0x00002358   0x00002358   0x00000084   Code   RO          167    .text.vPortValidateInterruptPriority  port.o
    0x000023dc   0x000023dc   0x00000024   Code   RO          380    .text.vTaskInternalSetTimeOutState  tasks.o
    0x00002400   0x00002400   0x0000000e   Code   RO          384    .text.vTaskMissedYield  tasks.o
    0x0000240e   0x0000240e   0x00000002   PAD
    0x00002410   0x00002410   0x00000042   Code   RO          370    .text.vTaskPlaceOnEventList  tasks.o
    0x00002452   0x00002452   0x00000002   PAD
    0x00002454   0x00002454   0x00000140   Code   RO          408    .text.vTaskPriorityDisinheritAfterTimeout  tasks.o
    0x00002594   0x00002594   0x000000aa   Code   RO          338    .text.vTaskStartScheduler  tasks.o
    0x0000263e   0x0000263e   0x00000002   PAD
    0x00002640   0x00002640   0x0000004c   Code   RO          364    .text.vTaskStepTick  tasks.o
    0x0000268c   0x0000268c   0x00000010   Code   RO          312    .text.vTaskSuspendAll  tasks.o
    0x0000269c   0x0000269c   0x000000be   Code   RO          330    .text.vTaskSwitchContext  tasks.o
    0x0000275a   0x0000275a   0x00000002   PAD
    0x0000275c   0x0000275c   0x000000e6   Code   RO          149    .text.xPortStartScheduler  port.o
    0x00002842   0x00002842   0x00000002   PAD
    0x00002844   0x00002844   0x000000cc   Code   RO          215    .text.xQueueGenericCreate  queue.o
    0x00002910   0x00002910   0x000000ba   Code   RO          213    .text.xQueueGenericReset  queue.o
    0x000029ca   0x000029ca   0x00000002   PAD
    0x000029cc   0x000029cc   0x00000274   Code   RO          229    .text.xQueueGenericSend  queue.o
    0x00002c40   0x00002c40   0x0000016e   Code   RO          247    .text.xQueueGiveFromISR  queue.o
    0x00002dae   0x00002dae   0x00000002   PAD
    0x00002db0   0x00002db0   0x0000022c   Code   RO          233    .text.xQueueSemaphoreTake  queue.o
    0x00002fdc   0x00002fdc   0x000000fc   Code   RO          382    .text.xTaskCheckForTimeOut  tasks.o
    0x000030d8   0x000030d8   0x00000098   Code   RO          298    .text.xTaskCreate   tasks.o
    0x00003170   0x00003170   0x00000038   Code   RO          402    .text.xTaskGetSchedulerState  tasks.o
    0x000031a8   0x000031a8   0x000001b8   Code   RO          344    .text.xTaskIncrementTick  tasks.o
    0x00003360   0x00003360   0x000000fa   Code   RO          406    .text.xTaskPriorityDisinherit  tasks.o
    0x0000345a   0x0000345a   0x00000002   PAD
    0x0000345c   0x0000345c   0x0000011a   Code   RO          404    .text.xTaskPriorityInherit  tasks.o
    0x00003576   0x00003576   0x00000002   PAD
    0x00003578   0x00003578   0x000000c6   Code   RO          374    .text.xTaskRemoveFromEventList  tasks.o
    0x0000363e   0x0000363e   0x00000002   PAD
    0x00003640   0x00003640   0x00000178   Code   RO          316    .text.xTaskResumeAll  tasks.o
    0x000037b8   0x000037b8   0x00000062   Code   RO          475    x$fpl$d2f           fz_ws.l(d2f.o)
    0x0000381a   0x0000381a   0x00000002   PAD
    0x0000381c   0x0000381c   0x00000150   Code   RO          477    x$fpl$dadd          fz_ws.l(daddsub_clz.o)
    0x0000396c   0x0000396c   0x000002b4   Code   RO          484    x$fpl$ddiv          fz_ws.l(ddiv.o)
    0x00003c20   0x00003c20   0x00000026   Code   RO          487    x$fpl$dfltu         fz_ws.l(dflt_clz.o)
    0x00003c46   0x00003c46   0x00000002   PAD
    0x00003c48   0x00003c48   0x00000154   Code   RO          493    x$fpl$dmul          fz_ws.l(dmul.o)
    0x00003d9c   0x00003d9c   0x0000009c   Code   RO          518    x$fpl$dnaninf       fz_ws.l(dnaninf.o)
    0x00003e38   0x00003e38   0x0000000c   Code   RO          520    x$fpl$dretinf       fz_ws.l(dretinf.o)
    0x00003e44   0x00003e44   0x000001dc   Code   RO          479    x$fpl$dsub          fz_ws.l(daddsub_clz.o)
    0x00004020   0x00004020   0x000000c4   Code   RO          495    x$fpl$fadd          fz_ws.l(faddsub_clz.o)
    0x000040e4   0x000040e4   0x00000036   Code   RO          501    x$fpl$ffix          fz_ws.l(ffix.o)
    0x0000411a   0x0000411a   0x00000002   PAD
    0x0000411c   0x0000411c   0x00000030   Code   RO          506    x$fpl$fflt          fz_ws.l(fflt_clz.o)
    0x0000414c   0x0000414c   0x00000102   Code   RO          511    x$fpl$fmul          fz_ws.l(fmul.o)
    0x0000424e   0x0000424e   0x0000008c   Code   RO          522    x$fpl$fnaninf       fz_ws.l(fnaninf.o)
    0x000042da   0x000042da   0x0000000a   Code   RO          524    x$fpl$fretinf       fz_ws.l(fretinf.o)
    0x000042e4   0x000042e4   0x000000ea   Code   RO          497    x$fpl$fsub          fz_ws.l(faddsub_clz.o)
    0x000043ce   0x000043ce   0x00000000   Code   RO          526    x$fpl$usenofp       fz_ws.l(usenofp.o)
    0x000043ce   0x000043ce   0x00000022   Data   RO           24    .rodata.str1.1      main.o
    0x000043f0   0x000043f0   0x00000005   Data   RO          450    .rodata.str1.1      tasks.o
    0x000043f5   0x000043f5   0x00000003   PAD
    0x000043f8   0x000043f8   0x00000004   Data   RO          435    .rodata.uxTopUsedPriority  tasks.o
    0x000043fc   0x000043fc   0x00000020   Data   RO          686    Region$$Table       anon$$obj.o


    Execution Region ER_RW (Exec base: 0x20000000, Load base: 0x0000441c, Size: 0x0000000c, Max: 0xffffffff, ABSOLUTE)

    Exec Addr    Load Addr    Size         Type   Attr      Idx    E Section Name        Object

    0x20000000   0x0000441c   0x00000004   Data   RW           49    .data.MC_CLOCK      delay_functions_gptimer0.o
    0x20000004   0x00004420   0x00000004   Data   RW          117    .data.SystemCoreClock  system_tm4c123.o
    0x20000008   0x00004424   0x00000004   Data   RW          171    .data.uxCriticalNesting  port.o


    Execution Region ER_ZI (Exec base: 0x20000010, Load base: 0x00004428, Size: 0x00004160, Max: 0xffffffff, ABSOLUTE)

    Exec Addr    Load Addr    Size         Type   Attr      Idx    E Section Name        Object

    0x20000010        -       0x00000060   Zero   RW          553    .bss                c_w.l(libspace.o)
    0x20000070        -       0x00000008   Zero   RW           19    .bss.ADC_Task_Execution_Count  main.o
    0x20000078        -       0x00000008   Zero   RW           18    .bss.Interrupt_Execution_Count  main.o
    0x20000080        -       0x00000008   Zero   RW           20    .bss.LCD_Task_Execution_Count  main.o
    0x20000088        -       0x00000004   Zero   RW          434    .bss.pxCurrentTCB   tasks.o
    0x2000008c        -       0x00000004   Zero   RW          445    .bss.pxDelayedTaskList  tasks.o
    0x20000090        -       0x00000004   Zero   RW          198    .bss.pxEnd          heap_4.o
    0x20000094        -       0x00000004   Zero   RW          446    .bss.pxOverflowDelayedTaskList  tasks.o
    0x20000098        -       0x00000064   Zero   RW          436    .bss.pxReadyTasksLists  tasks.o
    0x200000fc        -       0x00000004   Zero   RW           22    .bss.temperature    main.o
    0x20000100        -       0x00001fa0   Zero   RW          205    .bss.ucHeap         heap_4.o
    0x200020a0        -       0x00000001   Zero   RW          169    .bss.ucMaxSysCallPriority  port.o
    0x200020a1   0x00004428   0x00000003   PAD
    0x200020a4        -       0x00000004   Zero   RW          170    .bss.ulMaxPRIGROUPValue  port.o
    0x200020a8        -       0x00000004   Zero   RW          174    .bss.ulStoppedTimerCompensation  port.o
    0x200020ac        -       0x00000004   Zero   RW          173    .bss.ulTimerCountsForOneTick  port.o
    0x200020b0        -       0x00000004   Zero   RW          441    .bss.uxCurrentNumberOfTasks  tasks.o
    0x200020b4        -       0x00000004   Zero   RW          440    .bss.uxDeletedTasksWaitingCleanUp  tasks.o
    0x200020b8        -       0x00000004   Zero   RW          443    .bss.uxSchedulerSuspended  tasks.o
    0x200020bc        -       0x00000004   Zero   RW          438    .bss.uxTaskNumber   tasks.o
    0x200020c0        -       0x00000004   Zero   RW          437    .bss.uxTopReadyPriority  tasks.o
    0x200020c4        -       0x00000004   Zero   RW           23    .bss.xBinarySemaphoreDisplayTemperature  main.o
    0x200020c8        -       0x00000004   Zero   RW           21    .bss.xBinarySemaphoreReadTemperature  main.o
    0x200020cc        -       0x00000004   Zero   RW          199    .bss.xBlockAllocatedBit  heap_4.o
    0x200020d0        -       0x00000014   Zero   RW          455    .bss.xDelayedTaskList1  tasks.o
    0x200020e4        -       0x00000014   Zero   RW          456    .bss.xDelayedTaskList2  tasks.o
    0x200020f8        -       0x00000004   Zero   RW          200    .bss.xFreeBytesRemaining  heap_4.o
    0x200020fc        -       0x00000004   Zero   RW          451    .bss.xIdleTaskHandle  tasks.o
    0x20002100        -       0x00000004   Zero   RW          172    .bss.xMaximumPossibleSuppressedTicks  port.o
    0x20002104        -       0x00000004   Zero   RW          202    .bss.xMinimumEverFreeBytesRemaining  heap_4.o
    0x20002108        -       0x00000004   Zero   RW          452    .bss.xNextTaskUnblockTime  tasks.o
    0x2000210c        -       0x00000004   Zero   RW          454    .bss.xNumOfOverflows  tasks.o
    0x20002110        -       0x00000004   Zero   RW          203    .bss.xNumberOfSuccessfulAllocations  heap_4.o
    0x20002114        -       0x00000004   Zero   RW          204    .bss.xNumberOfSuccessfulFrees  heap_4.o
    0x20002118        -       0x00000004   Zero   RW          453    .bss.xPendedTicks   tasks.o
    0x2000211c        -       0x00000014   Zero   RW          449    .bss.xPendingReadyList  tasks.o
    0x20002130        -       0x00000004   Zero   RW          442    .bss.xSchedulerRunning  tasks.o
    0x20002134        -       0x00000008   Zero   RW          201    .bss.xStart         heap_4.o
    0x2000213c        -       0x00000014   Zero   RW          447    .bss.xSuspendedTaskList  tasks.o
    0x20002150        -       0x00000014   Zero   RW          439    .bss.xTasksWaitingTermination  tasks.o
    0x20002164        -       0x00000004   Zero   RW          444    .bss.xTickCount     tasks.o
    0x20002168        -       0x00000004   Zero   RW          448    .bss.xYieldPending  tasks.o
    0x2000216c   0x00004428   0x00000004   PAD
    0x20002170        -       0x00000000   Zero   RW          102    HEAP                startup_tm4c123.o
    0x20002170        -       0x00002000   Zero   RW          101    STACK               startup_tm4c123.o


==============================================================================

Image component sizes


      Code (inc. data)   RO Data    RW Data    ZI Data      Debug   Object Name

       126          0          0          0          0        424   adc.o
       292          0          0          4          0       1164   delay_functions_gptimer0.o
       190          0          0          0          0        536   gp_timer1.o
      1122          0          0          0       8128       4570   heap_4.o
       642          0          0          0          0       1595   lcd.o
       296          0          0          0          0       2341   list.o
       600          0         34          0         36       2521   main.o
      1518         12          0          4         17       4659   port.o
      2766          0          0          0          0      16585   queue.o
       276         24        620          0       8192       5436   startup_tm4c123.o
       252          0          0          4          0       6153   system_tm4c123.o
      4490          0          9          0        260      26016   tasks.o
       362          0          0          0          0       1323   tostringconverter.o

    ----------------------------------------------------------------------
     13032         48        698         12      16640      73323   Object Totals
         0          0         32          0          0          0   (incl. Generated)
       100         12          3          0          7          0   (incl. Padding)

    ----------------------------------------------------------------------

      Code (inc. data)   RO Data    RW Data    ZI Data      Debug   Library Member Name

         8          0          0          0          0         68   __main.o
         0          0          0          0          0          0   __rtentry.o
        12          0          0          0          0          0   __rtentry2.o
         6          0          0          0          0          0   __rtentry4.o
        52          8          0          0          0          0   __scatter.o
        26          0          0          0          0          0   __scatter_copy.o
        28          0          0          0          0          0   __scatter_zi.o
        16          0          0          0          0         68   aeabi_memset4.o
        18          0          0          0          0         80   exit.o
         6          0          0          0          0        152   heapauxi.o
         0          0          0          0          0          0   indicate_semi.o
         2          0          0          0          0          0   libinit.o
         2          0          0          0          0          0   libinit2.o
         2          0          0          0          0          0   libshutdown.o
         2          0          0          0          0          0   libshutdown2.o
         8          4          0          0         96         68   libspace.o
        78          0          0          0          0         80   rt_memclr_w.o
       138          0          0          0          0         68   rt_memcpy_v6.o
       100          0          0          0          0         80   rt_memcpy_w.o
         2          0          0          0          0          0   rtexit.o
        10          0          0          0          0          0   rtexit2.o
        12          4          0          0          0         68   sys_exit.o
        74          0          0          0          0         80   sys_stackheap_outer.o
         2          0          0          0          0         68   use_no_semi.o
        98          4          0          0          0         92   d2f.o
       812         16          0          0          0        296   daddsub_clz.o
       692        140          0          0          0        216   ddiv.o
        38          0          0          0          0         68   dflt_clz.o
       340         12          0          0          0        104   dmul.o
       156          4          0          0          0         92   dnaninf.o
        12          0          0          0          0         68   dretinf.o
       430          8          0          0          0        168   faddsub_clz.o
        54          4          0          0          0         84   ffix.o
        48          0          0          0          0         68   fflt_clz.o
       258          4          0          0          0         84   fmul.o
       140          4          0          0          0         84   fnaninf.o
        10          0          0          0          0         68   fretinf.o
         0          0          0          0          0          0   usenofp.o

    ----------------------------------------------------------------------
      3706        212          0          0         96       2372   Library Totals
        14          0          0          0          0          0   (incl. Padding)

    ----------------------------------------------------------------------

      Code (inc. data)   RO Data    RW Data    ZI Data      Debug   Library Name

       604         16          0          0         96        880   c_w.l
      3088        196          0          0          0       1492   fz_ws.l

    ----------------------------------------------------------------------
      3706        212          0          0         96       2372   Library Totals

    ----------------------------------------------------------------------

==============================================================================


      Code (inc. data)   RO Data    RW Data    ZI Data      Debug   

     16738        260        698         12      16736      74379   Grand Totals
     16738        260        698         12      16736      74379   ELF Image Totals
     16738        260        698         12          0          0   ROM Totals

==============================================================================

    Total RO  Size (Code + RO Data)                17436 (  17.03kB)
    Total RW  Size (RW Data + ZI Data)             16748 (  16.36kB)
    Total ROM Size (Code + RO Data + RW Data)      17448 (  17.04kB)

==============================================================================

